# Tessera identifier rename map for block 'hmac512' (prefix: tessera_)
macro	CLP_CSR_HMAC_KEY_DWORDS	TESSERA_CLP_CSR_HMAC_KEY_DWORDS
macro	HMAC_PARAM_PKG	TESSERA_HMAC512_PARAM_PKG
module	hmac	tessera_hmac512
module	hmac_core	tessera_hmac512_core
module	hmac_ctrl	tessera_hmac512_ctrl
module	hmac_drbg	tessera_hmac_drbg
module	hmac_reg	tessera_hmac512_reg
module	sha512_masked_core	tessera_sha512_masked_core
package	hmac_param_pkg	tessera_hmac512_param_pkg
package	hmac_reg_pkg	tessera_hmac512_reg_pkg
file	src/HMAC_512_384/rtl/hmac.sv	src/HMAC_512_384/rtl/tessera_hmac512.sv
file	src/HMAC_512_384/rtl/hmac_core.sv	src/HMAC_512_384/rtl/tessera_hmac512_core.sv
file	src/HMAC_512_384/rtl/hmac_ctrl.sv	src/HMAC_512_384/rtl/tessera_hmac512_ctrl.sv
file	src/HMAC_512_384/rtl/hmac_param_pkg.sv	src/HMAC_512_384/rtl/tessera_hmac512_param_pkg.sv
file	src/HMAC_512_384/rtl/hmac_reg.sv	src/HMAC_512_384/rtl/tessera_hmac512_reg.sv
file	src/HMAC_512_384/rtl/hmac_reg_pkg.sv	src/HMAC_512_384/rtl/tessera_hmac512_reg_pkg.sv
file	src/HMAC_DRBG/rtl/hmac_drbg.sv	src/HMAC_DRBG/rtl/tessera_hmac_drbg.sv
file	(generated)	tessera_hmac512_config.svh
