# ARCA identifier rename map for block 'abr' (prefix: arca_)
interface	abr_mem_if	arca_abr_mem_if
interface	abr_sram_be_if	arca_abr_sram_be_if
interface	abr_sram_if	arca_abr_sram_if
macro	ABR_AHB_DEFINES_PKG	ARCA_ABR_AHB_DEFINES_PKG
macro	ABR_ASSERT	ARCA_ABR_ASSERT
macro	ABR_ASSERT_DEFAULT_CLK	ARCA_ABR_ASSERT_DEFAULT_CLK
macro	ABR_ASSERT_DEFAULT_RST	ARCA_ABR_ASSERT_DEFAULT_RST
macro	ABR_ASSERT_ERROR	ARCA_ABR_ASSERT_ERROR
macro	ABR_ASSERT_ERROR_TRIGGER_ALERT	ARCA_ABR_ASSERT_ERROR_TRIGGER_ALERT
macro	ABR_ASSERT_ERROR_TRIGGER_ERR	ARCA_ABR_ASSERT_ERROR_TRIGGER_ERR
macro	ABR_ASSERT_FINAL	ARCA_ABR_ASSERT_FINAL
macro	ABR_ASSERT_FPV_LINEAR_FSM	ARCA_ABR_ASSERT_FPV_LINEAR_FSM
macro	ABR_ASSERT_I	ARCA_ABR_ASSERT_I
macro	ABR_ASSERT_IF	ARCA_ABR_ASSERT_IF
macro	ABR_ASSERT_INIT	ARCA_ABR_ASSERT_INIT
macro	ABR_ASSERT_INIT_NET	ARCA_ABR_ASSERT_INIT_NET
macro	ABR_ASSERT_KNOWN	ARCA_ABR_ASSERT_KNOWN
macro	ABR_ASSERT_KNOWN_IF	ARCA_ABR_ASSERT_KNOWN_IF
macro	ABR_ASSERT_MUTEX	ARCA_ABR_ASSERT_MUTEX
macro	ABR_ASSERT_NEVER	ARCA_ABR_ASSERT_NEVER
macro	ABR_ASSERT_PRIM_COUNT_ERROR_TRIGGER_ALERT	ARCA_ABR_ASSERT_PRIM_COUNT_ERROR_TRIGGER_ALERT
macro	ABR_ASSERT_PRIM_DOUBLE_LFSR_ERROR_TRIGGER_ALERT	ARCA_ABR_ASSERT_PRIM_DOUBLE_LFSR_ERROR_TRIGGER_ALERT
macro	ABR_ASSERT_PRIM_FSM_ERROR_TRIGGER_ALERT	ARCA_ABR_ASSERT_PRIM_FSM_ERROR_TRIGGER_ALERT
macro	ABR_ASSERT_PRIM_ONEHOT_ERROR_TRIGGER_ALERT	ARCA_ABR_ASSERT_PRIM_ONEHOT_ERROR_TRIGGER_ALERT
macro	ABR_ASSERT_PRIM_REG_WE_ONEHOT_ERROR_TRIGGER_ALERT	ARCA_ABR_ASSERT_PRIM_REG_WE_ONEHOT_ERROR_TRIGGER_ALERT
macro	ABR_ASSERT_PULSE	ARCA_ABR_ASSERT_PULSE
macro	ABR_ASSERT_RPT	ARCA_ABR_ASSERT_RPT
macro	ABR_ASSERT_STABLE	ARCA_ABR_ASSERT_STABLE
macro	ABR_ASSERT_STATIC_IN_PACKAGE	ARCA_ABR_ASSERT_STATIC_IN_PACKAGE
macro	ABR_ASSERT_STATIC_LINT_ERROR	ARCA_ABR_ASSERT_STATIC_LINT_ERROR
macro	ABR_ASSUME	ARCA_ABR_ASSUME
macro	ABR_ASSUME_FPV	ARCA_ABR_ASSUME_FPV
macro	ABR_ASSUME_I	ARCA_ABR_ASSUME_I
macro	ABR_ASSUME_I_FPV	ARCA_ABR_ASSUME_I_FPV
macro	ABR_CFG_SV	ARCA_ABR_CFG_SV
macro	ABR_COVER	ARCA_ABR_COVER
macro	ABR_COVER_FPV	ARCA_ABR_COVER_FPV
macro	ABR_CTRL_PKG	ARCA_ABR_CTRL_PKG
macro	ABR_ICG	ARCA_ABR_ICG
macro	ABR_INC_ASSERT	ARCA_ABR_INC_ASSERT
macro	ABR_MACROS	ARCA_ABR_MACROS
macro	ABR_MEM	ARCA_ABR_MEM
macro	ABR_MEM_BE	ARCA_ABR_MEM_BE
macro	ABR_MEM_BE_IF_REQ_PORTS	ARCA_ABR_MEM_BE_IF_REQ_PORTS
macro	ABR_MEM_BE_IF_RESP_PORTS	ARCA_ABR_MEM_BE_IF_RESP_PORTS
macro	ABR_MEM_BE_IF_SIGNALS	ARCA_ABR_MEM_BE_IF_SIGNALS
macro	ABR_MEM_IF_REQ_PORTS	ARCA_ABR_MEM_IF_REQ_PORTS
macro	ABR_MEM_IF_RESP_PORTS	ARCA_ABR_MEM_IF_RESP_PORTS
macro	ABR_MEM_IF_SIGNALS	ARCA_ABR_MEM_IF_SIGNALS
macro	ABR_NORM_CHECK_DEFINES	ARCA_ABR_NORM_CHECK_DEFINES
macro	ABR_PARAMS_PKG	ARCA_ABR_PARAMS_PKG
macro	ABR_PRIM_ASSERT_SEC_CM_SVH	ARCA_ABR_PRIM_ASSERT_SEC_CM_SVH
macro	ABR_PRIM_ASSERT_SV	ARCA_ABR_PRIM_ASSERT_SV
macro	ABR_PRIM_DEFAULT_IMPL	ARCA_ABR_PRIM_DEFAULT_IMPL
macro	ABR_PRIM_FLOP_A	ARCA_ABR_PRIM_FLOP_A
macro	ABR_PRIM_FLOP_CLK	ARCA_ABR_PRIM_FLOP_CLK
macro	ABR_PRIM_FLOP_MACROS_SV	ARCA_ABR_PRIM_FLOP_MACROS_SV
macro	ABR_PRIM_FLOP_RESVAL	ARCA_ABR_PRIM_FLOP_RESVAL
macro	ABR_PRIM_FLOP_RST	ARCA_ABR_PRIM_FLOP_RST
macro	ABR_PRIM_FLOP_SPARSE_FSM	ARCA_ABR_PRIM_FLOP_SPARSE_FSM
macro	ABR_PRIM_STRINGIFY	ARCA_ABR_PRIM_STRINGIFY
macro	ABR_SAMPLER_PKG	ARCA_ABR_SAMPLER_PKG
macro	ABR_SIB_PKG	ARCA_ABR_SIB_PKG
macro	ABR_SKDECODE_DEFINES	ARCA_ABR_SKDECODE_DEFINES
macro	ABR_STRINGIFY	ARCA_ABR_STRINGIFY
macro	ABR_SVA	ARCA_ABR_SVA
macro	CALIPTRA_KV_RD_TIEOFF	ARCA_CALIPTRA_KV_RD_TIEOFF
macro	CALIPTRA_KV_WR_TIEOFF	ARCA_CALIPTRA_KV_WR_TIEOFF
macro	MLDSA_DECOMPOSE_DEFINES	ARCA_MLDSA_DECOMPOSE_DEFINES
macro	MLDSA_MAKEHINT_DEFINES	ARCA_MLDSA_MAKEHINT_DEFINES
macro	MLDSA_NTT_DEFINES	ARCA_MLDSA_NTT_DEFINES
macro	MLDSA_POWER2ROUND_DEFINES	ARCA_MLDSA_POWER2ROUND_DEFINES
macro	MLDSA_SIGDECODE_H_DEFINES	ARCA_MLDSA_SIGDECODE_H_DEFINES
macro	MLDSA_SIGDECODE_Z_DEFINES	ARCA_MLDSA_SIGDECODE_Z_DEFINES
macro	MLDSA_SIGENCODE_Z_DEFINES	ARCA_MLDSA_SIGENCODE_Z_DEFINES
macro	MLKEM_COMPRESS_DEFINES	ARCA_MLKEM_COMPRESS_DEFINES
macro	MLKEM_DECOMPRESS_DEFINES	ARCA_MLKEM_DECOMPRESS_DEFINES
macro	_ABR_SEC_CM_ALERT_MAX_CYC	ARCA__ABR_SEC_CM_ALERT_MAX_CYC
module	abr_1r1w_512x4_ram	arca_abr_1r1w_512x4_ram
module	abr_1r1w_be_ram	arca_abr_1r1w_be_ram
module	abr_1r1w_ram	arca_abr_1r1w_ram
module	abr_2ff_sync	arca_abr_2ff_sync
module	abr_add_sub_mod	arca_abr_add_sub_mod
module	abr_adder	arca_abr_adder
module	abr_ahb_slv_sif	arca_abr_ahb_slv_sif
module	abr_ctrl	arca_abr_ctrl
module	abr_keccak_2share	arca_abr_keccak_2share
module	abr_keccak_round	arca_abr_keccak_round
module	abr_mem_top	arca_abr_mem_top
module	abr_msg_buffer	arca_abr_msg_buffer
module	abr_ntt_add_sub_mod	arca_abr_ntt_add_sub_mod
module	abr_piso	arca_abr_piso
module	abr_piso_multi	arca_abr_piso_multi
module	abr_prim_alert_receiver	arca_abr_prim_alert_receiver
module	abr_prim_alert_sender	arca_abr_prim_alert_sender
module	abr_prim_arbiter_ppc	arca_abr_prim_arbiter_ppc
module	abr_prim_buf	arca_abr_prim_buf
module	abr_prim_cdc_rand_delay	arca_abr_prim_cdc_rand_delay
module	abr_prim_count	arca_abr_prim_count
module	abr_prim_diff_decode	arca_abr_prim_diff_decode
module	abr_prim_dom_and_2share	arca_abr_prim_dom_and_2share
module	abr_prim_edge_detector	arca_abr_prim_edge_detector
module	abr_prim_fifo_sync	arca_abr_prim_fifo_sync
module	abr_prim_fifo_sync_cnt	arca_abr_prim_fifo_sync_cnt
module	abr_prim_flop	arca_abr_prim_flop
module	abr_prim_flop_2sync	arca_abr_prim_flop_2sync
module	abr_prim_flop_en	arca_abr_prim_flop_en
module	abr_prim_generic_buf	arca_abr_prim_generic_buf
module	abr_prim_generic_flop	arca_abr_prim_generic_flop
module	abr_prim_generic_flop_en	arca_abr_prim_generic_flop_en
module	abr_prim_generic_xor2	arca_abr_prim_generic_xor2
module	abr_prim_intr_hw	arca_abr_prim_intr_hw
module	abr_prim_lc_sync	arca_abr_prim_lc_sync
module	abr_prim_lfsr	arca_abr_prim_lfsr
module	abr_prim_max_tree	arca_abr_prim_max_tree
module	abr_prim_mubi4_sync	arca_abr_prim_mubi4_sync
module	abr_prim_mubi8_sync	arca_abr_prim_mubi8_sync
module	abr_prim_onehot_check	arca_abr_prim_onehot_check
module	abr_prim_packer_fifo	arca_abr_prim_packer_fifo
module	abr_prim_reg_we_check	arca_abr_prim_reg_we_check
module	abr_prim_sec_anchor_buf	arca_abr_prim_sec_anchor_buf
module	abr_prim_sec_anchor_flop	arca_abr_prim_sec_anchor_flop
module	abr_prim_slicer	arca_abr_prim_slicer
module	abr_prim_sparse_fsm_flop	arca_abr_prim_sparse_fsm_flop
module	abr_prim_subreg	arca_abr_prim_subreg
module	abr_prim_subreg_arb	arca_abr_prim_subreg_arb
module	abr_prim_subreg_ext	arca_abr_prim_subreg_ext
module	abr_prim_sum_tree	arca_abr_prim_sum_tree
module	abr_ram_regout	arca_abr_ram_regout
module	abr_rd_lat_buffer	arca_abr_rd_lat_buffer
module	abr_recombiner	arca_abr_recombiner
module	abr_reg	arca_abr_reg
module	abr_sample_buffer	arca_abr_sample_buffer
module	abr_sampler_top	arca_abr_sampler_top
module	abr_seq	arca_abr_seq
module	abr_sha3	arca_abr_sha3
module	abr_sha3pad	arca_abr_sha3pad
module	abr_splitter	arca_abr_splitter
module	abr_top	arca_abr_top
module	barrett_reduction	arca_barrett_reduction
module	bytewrite_tdp_ram_rf	arca_bytewrite_tdp_ram_rf
module	cbd_sampler	arca_cbd_sampler
module	cbd_sampler_ctrl	arca_cbd_sampler_ctrl
module	compress	arca_compress
module	compress_ctrl	arca_compress_ctrl
module	compress_top	arca_compress_top
module	decompose	arca_decompose
module	decompose_ctrl	arca_decompose_ctrl
module	decompose_mod_2gamma2	arca_decompose_mod_2gamma2
module	decompose_r1_lut	arca_decompose_r1_lut
module	decompose_usehint	arca_decompose_usehint
module	decompose_w1_encode	arca_decompose_w1_encode
module	decompose_w1_mem	arca_decompose_w1_mem
module	decompress	arca_decompress
module	decompress_ctrl	arca_decompress_ctrl
module	decompress_top	arca_decompress_top
module	exp_mask	arca_exp_mask
module	exp_mask_ctrl	arca_exp_mask_ctrl
module	hintgen	arca_hintgen
module	makehint	arca_makehint
module	norm_check	arca_norm_check
module	norm_check_ctrl	arca_norm_check_ctrl
module	norm_check_top	arca_norm_check_top
module	ntt_buffer	arca_ntt_buffer
module	ntt_butterfly	arca_ntt_butterfly
module	ntt_ctrl	arca_ntt_ctrl
module	ntt_div2	arca_ntt_div2
module	ntt_hybrid_butterfly_2x2	arca_ntt_hybrid_butterfly_2x2
module	ntt_karatsuba_pairwm	arca_ntt_karatsuba_pairwm
module	ntt_mult_dsp	arca_ntt_mult_dsp
module	ntt_shuffle_buffer	arca_ntt_shuffle_buffer
module	ntt_top	arca_ntt_top
module	ntt_twiddle_lookup	arca_ntt_twiddle_lookup
module	pkdecode	arca_pkdecode
module	power2round_core	arca_power2round_core
module	power2round_ctrl	arca_power2round_ctrl
module	power2round_skencode	arca_power2round_skencode
module	power2round_top	arca_power2round_top
module	rej_bounded2	arca_rej_bounded2
module	rej_bounded_ctrl	arca_rej_bounded_ctrl
module	rej_sampler	arca_rej_sampler
module	rej_sampler_ctrl	arca_rej_sampler_ctrl
module	sample_in_ball	arca_sample_in_ball
module	sample_in_ball_ctrl	arca_sample_in_ball_ctrl
module	sample_in_ball_shuffler	arca_sample_in_ball_shuffler
module	sib_mem	arca_sib_mem
module	sigdecode_h	arca_sigdecode_h
module	sigdecode_h_ctrl	arca_sigdecode_h_ctrl
module	sigdecode_z_top	arca_sigdecode_z_top
module	sigdecode_z_unit	arca_sigdecode_z_unit
module	sigencode_z_top	arca_sigencode_z_top
module	sigencode_z_unit	arca_sigencode_z_unit
module	skdecode_ctrl	arca_skdecode_ctrl
module	skdecode_s1s2_unpack	arca_skdecode_s1s2_unpack
module	skdecode_t0_unpack	arca_skdecode_t0_unpack
module	skdecode_top	arca_skdecode_top
module	skencode	arca_skencode
package	abr_ahb_defines_pkg	arca_abr_ahb_defines_pkg
package	abr_ctrl_pkg	arca_abr_ctrl_pkg
package	abr_params_pkg	arca_abr_params_pkg
package	abr_prim_alert_pkg	arca_abr_prim_alert_pkg
package	abr_prim_cipher_pkg	arca_abr_prim_cipher_pkg
package	abr_prim_mubi_pkg	arca_abr_prim_mubi_pkg
package	abr_prim_pkg	arca_abr_prim_pkg
package	abr_prim_sparse_fsm_pkg	arca_abr_prim_sparse_fsm_pkg
package	abr_prim_subreg_pkg	arca_abr_prim_subreg_pkg
package	abr_prim_util_pkg	arca_abr_prim_util_pkg
package	abr_reg_pkg	arca_abr_reg_pkg
package	abr_sampler_pkg	arca_abr_sampler_pkg
package	abr_sha3_pkg	arca_abr_sha3_pkg
package	compress_defines_pkg	arca_compress_defines_pkg
package	decompose_defines_pkg	arca_decompose_defines_pkg
package	decompress_defines_pkg	arca_decompress_defines_pkg
package	makehint_defines_pkg	arca_makehint_defines_pkg
package	norm_check_defines_pkg	arca_norm_check_defines_pkg
package	ntt_defines_pkg	arca_ntt_defines_pkg
package	power2round_defines_pkg	arca_power2round_defines_pkg
package	sib_pkg	arca_sib_pkg
package	sigdecode_h_defines_pkg	arca_sigdecode_h_defines_pkg
package	sigdecode_z_defines_pkg	arca_sigdecode_z_defines_pkg
package	sigencode_z_defines_pkg	arca_sigencode_z_defines_pkg
package	skdecode_defines_pkg	arca_skdecode_defines_pkg
file	src/abr/abr_libs/rtl/abr_1r1w_512x4_ram.sv	src/abr/abr_libs/rtl/arca_abr_1r1w_512x4_ram.sv
file	src/abr/abr_libs/rtl/abr_1r1w_be_ram.sv	src/abr/abr_libs/rtl/arca_abr_1r1w_be_ram.sv
file	src/abr/abr_libs/rtl/abr_1r1w_ram.sv	src/abr/abr_libs/rtl/arca_abr_1r1w_ram.sv
file	src/abr/abr_libs/rtl/abr_2ff_sync.sv	src/abr/abr_libs/rtl/arca_abr_2ff_sync.sv
file	src/abr/abr_libs/rtl/abr_add_sub_mod.sv	src/abr/abr_libs/rtl/arca_abr_add_sub_mod.sv
file	src/abr/abr_libs/rtl/abr_adder.sv	src/abr/abr_libs/rtl/arca_abr_adder.sv
file	src/abr/abr_libs/rtl/abr_ahb_defines_pkg.sv	src/abr/abr_libs/rtl/arca_abr_ahb_defines_pkg.sv
file	src/abr/abr_libs/rtl/abr_ahb_slv_sif.sv	src/abr/abr_libs/rtl/arca_abr_ahb_slv_sif.sv
file	src/abr/abr_libs/rtl/abr_icg.sv	src/abr/abr_libs/rtl/arca_abr_icg.sv
file	src/abr/abr_libs/rtl/abr_macros.svh	src/abr/abr_libs/rtl/arca_abr_macros.svh
file	src/abr/abr_libs/rtl/abr_msg_buffer.sv	src/abr/abr_libs/rtl/arca_abr_msg_buffer.sv
file	src/abr/abr_libs/rtl/abr_ntt_add_sub_mod.sv	src/abr/abr_libs/rtl/arca_abr_ntt_add_sub_mod.sv
file	src/abr/abr_libs/rtl/abr_piso.sv	src/abr/abr_libs/rtl/arca_abr_piso.sv
file	src/abr/abr_libs/rtl/abr_piso_multi.sv	src/abr/abr_libs/rtl/arca_abr_piso_multi.sv
file	src/abr/abr_libs/rtl/abr_ram_regout.sv	src/abr/abr_libs/rtl/arca_abr_ram_regout.sv
file	src/abr/abr_libs/rtl/abr_rd_lat_buffer.sv	src/abr/abr_libs/rtl/arca_abr_rd_lat_buffer.sv
file	src/abr/abr_libs/rtl/abr_recombiner.sv	src/abr/abr_libs/rtl/arca_abr_recombiner.sv
file	src/abr/abr_libs/rtl/abr_sample_buffer.sv	src/abr/abr_libs/rtl/arca_abr_sample_buffer.sv
file	src/abr/abr_libs/rtl/abr_splitter.sv	src/abr/abr_libs/rtl/arca_abr_splitter.sv
file	src/abr/abr_prim/rtl/abr_prim_alert_pkg.sv	src/abr/abr_prim/rtl/arca_abr_prim_alert_pkg.sv
file	src/abr/abr_prim/rtl/abr_prim_alert_receiver.sv	src/abr/abr_prim/rtl/arca_abr_prim_alert_receiver.sv
file	src/abr/abr_prim/rtl/abr_prim_alert_sender.sv	src/abr/abr_prim/rtl/arca_abr_prim_alert_sender.sv
file	src/abr/abr_prim/rtl/abr_prim_arbiter_ppc.sv	src/abr/abr_prim/rtl/arca_abr_prim_arbiter_ppc.sv
file	src/abr/abr_prim/rtl/abr_prim_assert.sv	src/abr/abr_prim/rtl/arca_abr_prim_assert.sv
file	src/abr/abr_prim/rtl/abr_prim_assert_dummy_macros.svh	src/abr/abr_prim/rtl/arca_abr_prim_assert_dummy_macros.svh
file	src/abr/abr_prim/rtl/abr_prim_assert_sec_cm.svh	src/abr/abr_prim/rtl/arca_abr_prim_assert_sec_cm.svh
file	src/abr/abr_prim/rtl/abr_prim_assert_standard_macros.svh	src/abr/abr_prim/rtl/arca_abr_prim_assert_standard_macros.svh
file	src/abr/abr_prim/rtl/abr_prim_assert_yosys_macros.svh	src/abr/abr_prim/rtl/arca_abr_prim_assert_yosys_macros.svh
file	src/abr/abr_prim/rtl/abr_prim_buf.sv	src/abr/abr_prim/rtl/arca_abr_prim_buf.sv
file	src/abr/abr_prim/rtl/abr_prim_cdc_rand_delay.sv	src/abr/abr_prim/rtl/arca_abr_prim_cdc_rand_delay.sv
file	src/abr/abr_prim/rtl/abr_prim_cipher_pkg.sv	src/abr/abr_prim/rtl/arca_abr_prim_cipher_pkg.sv
file	src/abr/abr_prim/rtl/abr_prim_count.sv	src/abr/abr_prim/rtl/arca_abr_prim_count.sv
file	src/abr/abr_prim/rtl/abr_prim_diff_decode.sv	src/abr/abr_prim/rtl/arca_abr_prim_diff_decode.sv
file	src/abr/abr_prim/rtl/abr_prim_dom_and_2share.sv	src/abr/abr_prim/rtl/arca_abr_prim_dom_and_2share.sv
file	src/abr/abr_prim/rtl/abr_prim_edge_detector.sv	src/abr/abr_prim/rtl/arca_abr_prim_edge_detector.sv
file	src/abr/abr_prim/rtl/abr_prim_fifo_sync.sv	src/abr/abr_prim/rtl/arca_abr_prim_fifo_sync.sv
file	src/abr/abr_prim/rtl/abr_prim_fifo_sync_cnt.sv	src/abr/abr_prim/rtl/arca_abr_prim_fifo_sync_cnt.sv
file	src/abr/abr_prim/rtl/abr_prim_flop.sv	src/abr/abr_prim/rtl/arca_abr_prim_flop.sv
file	src/abr/abr_prim/rtl/abr_prim_flop_2sync.sv	src/abr/abr_prim/rtl/arca_abr_prim_flop_2sync.sv
file	src/abr/abr_prim/rtl/abr_prim_flop_en.sv	src/abr/abr_prim/rtl/arca_abr_prim_flop_en.sv
file	src/abr/abr_prim/rtl/abr_prim_flop_macros.sv	src/abr/abr_prim/rtl/arca_abr_prim_flop_macros.sv
file	src/abr/abr_prim/rtl/abr_prim_intr_hw.sv	src/abr/abr_prim/rtl/arca_abr_prim_intr_hw.sv
file	src/abr/abr_prim/rtl/abr_prim_lc_sync.sv	src/abr/abr_prim/rtl/arca_abr_prim_lc_sync.sv
file	src/abr/abr_prim/rtl/abr_prim_lfsr.sv	src/abr/abr_prim/rtl/arca_abr_prim_lfsr.sv
file	src/abr/abr_prim/rtl/abr_prim_max_tree.sv	src/abr/abr_prim/rtl/arca_abr_prim_max_tree.sv
file	src/abr/abr_prim/rtl/abr_prim_mubi4_sync.sv	src/abr/abr_prim/rtl/arca_abr_prim_mubi4_sync.sv
file	src/abr/abr_prim/rtl/abr_prim_mubi8_sync.sv	src/abr/abr_prim/rtl/arca_abr_prim_mubi8_sync.sv
file	src/abr/abr_prim/rtl/abr_prim_mubi_pkg.sv	src/abr/abr_prim/rtl/arca_abr_prim_mubi_pkg.sv
file	src/abr/abr_prim/rtl/abr_prim_onehot_check.sv	src/abr/abr_prim/rtl/arca_abr_prim_onehot_check.sv
file	src/abr/abr_prim/rtl/abr_prim_packer_fifo.sv	src/abr/abr_prim/rtl/arca_abr_prim_packer_fifo.sv
file	src/abr/abr_prim/rtl/abr_prim_pkg.sv	src/abr/abr_prim/rtl/arca_abr_prim_pkg.sv
file	src/abr/abr_prim/rtl/abr_prim_reg_we_check.sv	src/abr/abr_prim/rtl/arca_abr_prim_reg_we_check.sv
file	src/abr/abr_prim/rtl/abr_prim_sec_anchor_buf.sv	src/abr/abr_prim/rtl/arca_abr_prim_sec_anchor_buf.sv
file	src/abr/abr_prim/rtl/abr_prim_sec_anchor_flop.sv	src/abr/abr_prim/rtl/arca_abr_prim_sec_anchor_flop.sv
file	src/abr/abr_prim/rtl/abr_prim_slicer.sv	src/abr/abr_prim/rtl/arca_abr_prim_slicer.sv
file	src/abr/abr_prim/rtl/abr_prim_sparse_fsm_flop.sv	src/abr/abr_prim/rtl/arca_abr_prim_sparse_fsm_flop.sv
file	src/abr/abr_prim/rtl/abr_prim_sparse_fsm_pkg.sv	src/abr/abr_prim/rtl/arca_abr_prim_sparse_fsm_pkg.sv
file	src/abr/abr_prim/rtl/abr_prim_subreg.sv	src/abr/abr_prim/rtl/arca_abr_prim_subreg.sv
file	src/abr/abr_prim/rtl/abr_prim_subreg_arb.sv	src/abr/abr_prim/rtl/arca_abr_prim_subreg_arb.sv
file	src/abr/abr_prim/rtl/abr_prim_subreg_ext.sv	src/abr/abr_prim/rtl/arca_abr_prim_subreg_ext.sv
file	src/abr/abr_prim/rtl/abr_prim_subreg_pkg.sv	src/abr/abr_prim/rtl/arca_abr_prim_subreg_pkg.sv
file	src/abr/abr_prim/rtl/abr_prim_sum_tree.sv	src/abr/abr_prim/rtl/arca_abr_prim_sum_tree.sv
file	src/abr/abr_prim/rtl/abr_prim_util_pkg.sv	src/abr/abr_prim/rtl/arca_abr_prim_util_pkg.sv
file	src/abr/abr_prim_generic/rtl/abr_prim_generic_buf.sv	src/abr/abr_prim_generic/rtl/arca_abr_prim_generic_buf.sv
file	src/abr/abr_prim_generic/rtl/abr_prim_generic_flop.sv	src/abr/abr_prim_generic/rtl/arca_abr_prim_generic_flop.sv
file	src/abr/abr_prim_generic/rtl/abr_prim_generic_flop_en.sv	src/abr/abr_prim_generic/rtl/arca_abr_prim_generic_flop_en.sv
file	src/abr/abr_prim_generic/rtl/abr_prim_generic_xor2.sv	src/abr/abr_prim_generic/rtl/arca_abr_prim_generic_xor2.sv
file	src/abr/abr_sampler_top/rtl/abr_sampler_pkg.sv	src/abr/abr_sampler_top/rtl/arca_abr_sampler_pkg.sv
file	src/abr/abr_sampler_top/rtl/abr_sampler_top.sv	src/abr/abr_sampler_top/rtl/arca_abr_sampler_top.sv
file	src/abr/abr_sha3/rtl/abr_keccak_2share.sv	src/abr/abr_sha3/rtl/arca_abr_keccak_2share.sv
file	src/abr/abr_sha3/rtl/abr_keccak_round.sv	src/abr/abr_sha3/rtl/arca_abr_keccak_round.sv
file	src/abr/abr_sha3/rtl/abr_sha3.sv	src/abr/abr_sha3/rtl/arca_abr_sha3.sv
file	src/abr/abr_sha3/rtl/abr_sha3_pkg.sv	src/abr/abr_sha3/rtl/arca_abr_sha3_pkg.sv
file	src/abr/abr_sha3/rtl/abr_sha3pad.sv	src/abr/abr_sha3/rtl/arca_abr_sha3pad.sv
file	src/abr/abr_top/rtl/abr_config_defines.svh	src/abr/abr_top/rtl/arca_abr_config_defines.svh
file	src/abr/abr_top/rtl/abr_ctrl.sv	src/abr/abr_top/rtl/arca_abr_ctrl.sv
file	src/abr/abr_top/rtl/abr_ctrl_pkg.sv	src/abr/abr_top/rtl/arca_abr_ctrl_pkg.sv
file	src/abr/abr_top/rtl/abr_mem_if.sv	src/abr/abr_top/rtl/arca_abr_mem_if.sv
file	src/abr/abr_top/rtl/abr_mem_top.sv	src/abr/abr_top/rtl/arca_abr_mem_top.sv
file	src/abr/abr_top/rtl/abr_params_pkg.sv	src/abr/abr_top/rtl/arca_abr_params_pkg.sv
file	src/abr/abr_top/rtl/abr_reg.sv	src/abr/abr_top/rtl/arca_abr_reg.sv
file	src/abr/abr_top/rtl/abr_reg_pkg.sv	src/abr/abr_top/rtl/arca_abr_reg_pkg.sv
file	src/abr/abr_top/rtl/abr_seq.sv	src/abr/abr_top/rtl/arca_abr_seq.sv
file	src/abr/abr_top/rtl/abr_top.sv	src/abr/abr_top/rtl/arca_abr_top.sv
file	src/abr/barrett_reduction/rtl/barrett_reduction.sv	src/abr/barrett_reduction/rtl/arca_barrett_reduction.sv
file	src/abr/cbd_sampler/rtl/cbd_sampler.sv	src/abr/cbd_sampler/rtl/arca_cbd_sampler.sv
file	src/abr/cbd_sampler/rtl/cbd_sampler_ctrl.sv	src/abr/cbd_sampler/rtl/arca_cbd_sampler_ctrl.sv
file	src/abr/compress/rtl/compress.sv	src/abr/compress/rtl/arca_compress.sv
file	src/abr/compress/rtl/compress_ctrl.sv	src/abr/compress/rtl/arca_compress_ctrl.sv
file	src/abr/compress/rtl/compress_defines_pkg.sv	src/abr/compress/rtl/arca_compress_defines_pkg.sv
file	src/abr/compress/rtl/compress_top.sv	src/abr/compress/rtl/arca_compress_top.sv
file	src/abr/decompose/rtl/decompose.sv	src/abr/decompose/rtl/arca_decompose.sv
file	src/abr/decompose/rtl/decompose_ctrl.sv	src/abr/decompose/rtl/arca_decompose_ctrl.sv
file	src/abr/decompose/rtl/decompose_defines_pkg.sv	src/abr/decompose/rtl/arca_decompose_defines_pkg.sv
file	src/abr/decompose/rtl/decompose_mod_2gamma2.sv	src/abr/decompose/rtl/arca_decompose_mod_2gamma2.sv
file	src/abr/decompose/rtl/decompose_r1_lut.sv	src/abr/decompose/rtl/arca_decompose_r1_lut.sv
file	src/abr/decompose/rtl/decompose_usehint.sv	src/abr/decompose/rtl/arca_decompose_usehint.sv
file	src/abr/decompose/rtl/decompose_w1_encode.sv	src/abr/decompose/rtl/arca_decompose_w1_encode.sv
file	src/abr/decompose/rtl/decompose_w1_mem.sv	src/abr/decompose/rtl/arca_decompose_w1_mem.sv
file	src/abr/decompress/rtl/decompress.sv	src/abr/decompress/rtl/arca_decompress.sv
file	src/abr/decompress/rtl/decompress_ctrl.sv	src/abr/decompress/rtl/arca_decompress_ctrl.sv
file	src/abr/decompress/rtl/decompress_defines_pkg.sv	src/abr/decompress/rtl/arca_decompress_defines_pkg.sv
file	src/abr/decompress/rtl/decompress_top.sv	src/abr/decompress/rtl/arca_decompress_top.sv
file	src/abr/exp_mask/rtl/exp_mask.sv	src/abr/exp_mask/rtl/arca_exp_mask.sv
file	src/abr/exp_mask/rtl/exp_mask_ctrl.sv	src/abr/exp_mask/rtl/arca_exp_mask_ctrl.sv
file	src/abr/makehint/rtl/hintgen.sv	src/abr/makehint/rtl/arca_hintgen.sv
file	src/abr/makehint/rtl/makehint.sv	src/abr/makehint/rtl/arca_makehint.sv
file	src/abr/makehint/rtl/makehint_defines_pkg.sv	src/abr/makehint/rtl/arca_makehint_defines_pkg.sv
file	src/abr/norm_check/rtl/norm_check.sv	src/abr/norm_check/rtl/arca_norm_check.sv
file	src/abr/norm_check/rtl/norm_check_ctrl.sv	src/abr/norm_check/rtl/arca_norm_check_ctrl.sv
file	src/abr/norm_check/rtl/norm_check_defines_pkg.sv	src/abr/norm_check/rtl/arca_norm_check_defines_pkg.sv
file	src/abr/norm_check/rtl/norm_check_top.sv	src/abr/norm_check/rtl/arca_norm_check_top.sv
file	src/abr/ntt_top/rtl/ntt_buffer.sv	src/abr/ntt_top/rtl/arca_ntt_buffer.sv
file	src/abr/ntt_top/rtl/ntt_butterfly.sv	src/abr/ntt_top/rtl/arca_ntt_butterfly.sv
file	src/abr/ntt_top/rtl/ntt_ctrl.sv	src/abr/ntt_top/rtl/arca_ntt_ctrl.sv
file	src/abr/ntt_top/rtl/ntt_defines_pkg.sv	src/abr/ntt_top/rtl/arca_ntt_defines_pkg.sv
file	src/abr/ntt_top/rtl/ntt_div2.sv	src/abr/ntt_top/rtl/arca_ntt_div2.sv
file	src/abr/ntt_top/rtl/ntt_hybrid_butterfly_2x2.sv	src/abr/ntt_top/rtl/arca_ntt_hybrid_butterfly_2x2.sv
file	src/abr/ntt_top/rtl/ntt_karatsuba_pairwm.sv	src/abr/ntt_top/rtl/arca_ntt_karatsuba_pairwm.sv
file	src/abr/ntt_top/rtl/ntt_mult_dsp.sv	src/abr/ntt_top/rtl/arca_ntt_mult_dsp.sv
file	src/abr/ntt_top/rtl/ntt_shuffle_buffer.sv	src/abr/ntt_top/rtl/arca_ntt_shuffle_buffer.sv
file	src/abr/ntt_top/rtl/ntt_top.sv	src/abr/ntt_top/rtl/arca_ntt_top.sv
file	src/abr/ntt_top/rtl/ntt_twiddle_lookup.sv	src/abr/ntt_top/rtl/arca_ntt_twiddle_lookup.sv
file	src/abr/pk_decode/rtl/pkdecode.sv	src/abr/pk_decode/rtl/arca_pkdecode.sv
file	src/abr/power2round/rtl/power2round_core.sv	src/abr/power2round/rtl/arca_power2round_core.sv
file	src/abr/power2round/rtl/power2round_ctrl.sv	src/abr/power2round/rtl/arca_power2round_ctrl.sv
file	src/abr/power2round/rtl/power2round_defines_pkg.sv	src/abr/power2round/rtl/arca_power2round_defines_pkg.sv
file	src/abr/power2round/rtl/power2round_skencode.sv	src/abr/power2round/rtl/arca_power2round_skencode.sv
file	src/abr/power2round/rtl/power2round_top.sv	src/abr/power2round/rtl/arca_power2round_top.sv
file	src/abr/rej_bounded/rtl/rej_bounded2.sv	src/abr/rej_bounded/rtl/arca_rej_bounded2.sv
file	src/abr/rej_bounded/rtl/rej_bounded_ctrl.sv	src/abr/rej_bounded/rtl/arca_rej_bounded_ctrl.sv
file	src/abr/rej_sampler/rtl/rej_sampler.sv	src/abr/rej_sampler/rtl/arca_rej_sampler.sv
file	src/abr/rej_sampler/rtl/rej_sampler_ctrl.sv	src/abr/rej_sampler/rtl/arca_rej_sampler_ctrl.sv
file	src/abr/sample_in_ball/rtl/sample_in_ball.sv	src/abr/sample_in_ball/rtl/arca_sample_in_ball.sv
file	src/abr/sample_in_ball/rtl/sample_in_ball_ctrl.sv	src/abr/sample_in_ball/rtl/arca_sample_in_ball_ctrl.sv
file	src/abr/sample_in_ball/rtl/sample_in_ball_pkg.sv	src/abr/sample_in_ball/rtl/arca_sample_in_ball_pkg.sv
file	src/abr/sample_in_ball/rtl/sample_in_ball_shuffler.sv	src/abr/sample_in_ball/rtl/arca_sample_in_ball_shuffler.sv
file	src/abr/sample_in_ball/rtl/sib_mem.sv	src/abr/sample_in_ball/rtl/arca_sib_mem.sv
file	src/abr/sigdecode_h/rtl/sigdecode_h.sv	src/abr/sigdecode_h/rtl/arca_sigdecode_h.sv
file	src/abr/sigdecode_h/rtl/sigdecode_h_ctrl.sv	src/abr/sigdecode_h/rtl/arca_sigdecode_h_ctrl.sv
file	src/abr/sigdecode_h/rtl/sigdecode_h_defines_pkg.sv	src/abr/sigdecode_h/rtl/arca_sigdecode_h_defines_pkg.sv
file	src/abr/sig_decode_z/rtl/sigdecode_z_defines_pkg.sv	src/abr/sig_decode_z/rtl/arca_sigdecode_z_defines_pkg.sv
file	src/abr/sig_decode_z/rtl/sigdecode_z_top.sv	src/abr/sig_decode_z/rtl/arca_sigdecode_z_top.sv
file	src/abr/sig_decode_z/rtl/sigdecode_z_unit.sv	src/abr/sig_decode_z/rtl/arca_sigdecode_z_unit.sv
file	src/abr/sig_encode_z/rtl/sigencode_z_defines_pkg.sv	src/abr/sig_encode_z/rtl/arca_sigencode_z_defines_pkg.sv
file	src/abr/sig_encode_z/rtl/sigencode_z_top.sv	src/abr/sig_encode_z/rtl/arca_sigencode_z_top.sv
file	src/abr/sig_encode_z/rtl/sigencode_z_unit.sv	src/abr/sig_encode_z/rtl/arca_sigencode_z_unit.sv
file	src/abr/sk_decode/rtl/skdecode_ctrl.sv	src/abr/sk_decode/rtl/arca_skdecode_ctrl.sv
file	src/abr/sk_decode/rtl/skdecode_defines_pkg.sv	src/abr/sk_decode/rtl/arca_skdecode_defines_pkg.sv
file	src/abr/sk_decode/rtl/skdecode_s1s2_unpack.sv	src/abr/sk_decode/rtl/arca_skdecode_s1s2_unpack.sv
file	src/abr/sk_decode/rtl/skdecode_t0_unpack.sv	src/abr/sk_decode/rtl/arca_skdecode_t0_unpack.sv
file	src/abr/sk_decode/rtl/skdecode_top.sv	src/abr/sk_decode/rtl/arca_skdecode_top.sv
file	src/abr/sk_encode/rtl/skencode.sv	src/abr/sk_encode/rtl/arca_skencode.sv
