# Tessera identifier rename map for block 'aes' (prefix: tessera_)
module	aes	tessera_aes
module	aes_cipher_control	tessera_aes_cipher_control
module	aes_cipher_control_fsm	tessera_aes_cipher_control_fsm
module	aes_cipher_control_fsm_n	tessera_aes_cipher_control_fsm_n
module	aes_cipher_control_fsm_p	tessera_aes_cipher_control_fsm_p
module	aes_cipher_core	tessera_aes_cipher_core
module	aes_clp_reg	tessera_aes_clp_reg
module	aes_clp_wrapper	tessera_aes_clp_wrapper
module	aes_control	tessera_aes_control
module	aes_control_fsm	tessera_aes_control_fsm
module	aes_control_fsm_n	tessera_aes_control_fsm_n
module	aes_control_fsm_p	tessera_aes_control_fsm_p
module	aes_core	tessera_aes_core
module	aes_ctr	tessera_aes_ctr
module	aes_ctr_fsm	tessera_aes_ctr_fsm
module	aes_ctr_fsm_n	tessera_aes_ctr_fsm_n
module	aes_ctr_fsm_p	tessera_aes_ctr_fsm_p
module	aes_ctrl_gcm_reg_shadowed	tessera_aes_ctrl_gcm_reg_shadowed
module	aes_ctrl_reg_shadowed	tessera_aes_ctrl_reg_shadowed
module	aes_dom_dep_mul_gf2pn	tessera_aes_dom_dep_mul_gf2pn
module	aes_dom_dep_mul_gf2pn_unopt	tessera_aes_dom_dep_mul_gf2pn_unopt
module	aes_dom_indep_mul_gf2pn	tessera_aes_dom_indep_mul_gf2pn
module	aes_dom_inverse_gf2p4	tessera_aes_dom_inverse_gf2p4
module	aes_dom_inverse_gf2p8	tessera_aes_dom_inverse_gf2p8
module	aes_ghash	tessera_aes_ghash
module	aes_ghash_wrap	tessera_aes_ghash_wrap
module	aes_key_expand	tessera_aes_key_expand
module	aes_masked_inverse_gf2p4	tessera_aes_masked_inverse_gf2p4
module	aes_masked_inverse_gf2p4_noreuse	tessera_aes_masked_inverse_gf2p4_noreuse
module	aes_masked_inverse_gf2p8	tessera_aes_masked_inverse_gf2p8
module	aes_masked_inverse_gf2p8_noreuse	tessera_aes_masked_inverse_gf2p8_noreuse
module	aes_mix_columns	tessera_aes_mix_columns
module	aes_mix_single_column	tessera_aes_mix_single_column
module	aes_prng_clearing	tessera_aes_prng_clearing
module	aes_prng_masking	tessera_aes_prng_masking
module	aes_reduced_round	tessera_aes_reduced_round
module	aes_reg_status	tessera_aes_reg_status
module	aes_reg_top	tessera_aes_reg_top
module	aes_sbox	tessera_aes_sbox
module	aes_sbox_canright	tessera_aes_sbox_canright
module	aes_sbox_canright_masked	tessera_aes_sbox_canright_masked
module	aes_sbox_canright_masked_noreuse	tessera_aes_sbox_canright_masked_noreuse
module	aes_sbox_dom	tessera_aes_sbox_dom
module	aes_sbox_lut	tessera_aes_sbox_lut
module	aes_sel_buf_chk	tessera_aes_sel_buf_chk
module	aes_shift_rows	tessera_aes_shift_rows
module	aes_sub_bytes	tessera_aes_sub_bytes
package	aes_clp_reg_pkg	tessera_aes_clp_reg_pkg
package	aes_pkg	tessera_aes_pkg
package	aes_reg_pkg	tessera_aes_reg_pkg
package	aes_sbox_canright_pkg	tessera_aes_sbox_canright_pkg
file	src/AES_ALL_MODES/rtl/aes.sv	src/AES_ALL_MODES/rtl/tessera_aes.sv
file	src/AES_ALL_MODES/rtl/aes_cipher_control.sv	src/AES_ALL_MODES/rtl/tessera_aes_cipher_control.sv
file	src/AES_ALL_MODES/rtl/aes_cipher_control_fsm.sv	src/AES_ALL_MODES/rtl/tessera_aes_cipher_control_fsm.sv
file	src/AES_ALL_MODES/rtl/aes_cipher_control_fsm_n.sv	src/AES_ALL_MODES/rtl/tessera_aes_cipher_control_fsm_n.sv
file	src/AES_ALL_MODES/rtl/aes_cipher_control_fsm_p.sv	src/AES_ALL_MODES/rtl/tessera_aes_cipher_control_fsm_p.sv
file	src/AES_ALL_MODES/rtl/aes_cipher_core.sv	src/AES_ALL_MODES/rtl/tessera_aes_cipher_core.sv
file	src/AES_ALL_MODES/rtl/aes_clp_reg.sv	src/AES_ALL_MODES/rtl/tessera_aes_clp_reg.sv
file	src/AES_ALL_MODES/rtl/aes_clp_reg_pkg.sv	src/AES_ALL_MODES/rtl/tessera_aes_clp_reg_pkg.sv
file	src/AES_ALL_MODES/rtl/aes_clp_wrapper.sv	src/AES_ALL_MODES/rtl/tessera_aes_clp_wrapper.sv
file	src/AES_ALL_MODES/rtl/aes_control.sv	src/AES_ALL_MODES/rtl/tessera_aes_control.sv
file	src/AES_ALL_MODES/rtl/aes_control_fsm.sv	src/AES_ALL_MODES/rtl/tessera_aes_control_fsm.sv
file	src/AES_ALL_MODES/rtl/aes_control_fsm_n.sv	src/AES_ALL_MODES/rtl/tessera_aes_control_fsm_n.sv
file	src/AES_ALL_MODES/rtl/aes_control_fsm_p.sv	src/AES_ALL_MODES/rtl/tessera_aes_control_fsm_p.sv
file	src/AES_ALL_MODES/rtl/aes_core.sv	src/AES_ALL_MODES/rtl/tessera_aes_core.sv
file	src/AES_ALL_MODES/rtl/aes_ctr.sv	src/AES_ALL_MODES/rtl/tessera_aes_ctr.sv
file	src/AES_ALL_MODES/rtl/aes_ctr_fsm.sv	src/AES_ALL_MODES/rtl/tessera_aes_ctr_fsm.sv
file	src/AES_ALL_MODES/rtl/aes_ctr_fsm_n.sv	src/AES_ALL_MODES/rtl/tessera_aes_ctr_fsm_n.sv
file	src/AES_ALL_MODES/rtl/aes_ctr_fsm_p.sv	src/AES_ALL_MODES/rtl/tessera_aes_ctr_fsm_p.sv
file	src/AES_ALL_MODES/rtl/aes_ctrl_gcm_reg_shadowed.sv	src/AES_ALL_MODES/rtl/tessera_aes_ctrl_gcm_reg_shadowed.sv
file	src/AES_ALL_MODES/rtl/aes_ctrl_reg_shadowed.sv	src/AES_ALL_MODES/rtl/tessera_aes_ctrl_reg_shadowed.sv
file	src/AES_ALL_MODES/rtl/aes_ghash.sv	src/AES_ALL_MODES/rtl/tessera_aes_ghash.sv
file	src/AES_ALL_MODES/rtl/aes_ghash_wrap.sv	src/AES_ALL_MODES/rtl/tessera_aes_ghash_wrap.sv
file	src/AES_ALL_MODES/rtl/aes_key_expand.sv	src/AES_ALL_MODES/rtl/tessera_aes_key_expand.sv
file	src/AES_ALL_MODES/rtl/aes_mix_columns.sv	src/AES_ALL_MODES/rtl/tessera_aes_mix_columns.sv
file	src/AES_ALL_MODES/rtl/aes_mix_single_column.sv	src/AES_ALL_MODES/rtl/tessera_aes_mix_single_column.sv
file	src/AES_ALL_MODES/rtl/aes_pkg.sv	src/AES_ALL_MODES/rtl/tessera_aes_pkg.sv
file	src/AES_ALL_MODES/rtl/aes_prng_clearing.sv	src/AES_ALL_MODES/rtl/tessera_aes_prng_clearing.sv
file	src/AES_ALL_MODES/rtl/aes_prng_masking.sv	src/AES_ALL_MODES/rtl/tessera_aes_prng_masking.sv
file	src/AES_ALL_MODES/rtl/aes_reduced_round.sv	src/AES_ALL_MODES/rtl/tessera_aes_reduced_round.sv
file	src/AES_ALL_MODES/rtl/aes_reg_pkg.sv	src/AES_ALL_MODES/rtl/tessera_aes_reg_pkg.sv
file	src/AES_ALL_MODES/rtl/aes_reg_status.sv	src/AES_ALL_MODES/rtl/tessera_aes_reg_status.sv
file	src/AES_ALL_MODES/rtl/aes_reg_top.sv	src/AES_ALL_MODES/rtl/tessera_aes_reg_top.sv
file	src/AES_ALL_MODES/rtl/aes_rev_info	src/AES_ALL_MODES/rtl/tessera_aes_rev_info
file	src/AES_ALL_MODES/rtl/aes_sbox.sv	src/AES_ALL_MODES/rtl/tessera_aes_sbox.sv
file	src/AES_ALL_MODES/rtl/aes_sbox_canright.sv	src/AES_ALL_MODES/rtl/tessera_aes_sbox_canright.sv
file	src/AES_ALL_MODES/rtl/aes_sbox_canright_masked.sv	src/AES_ALL_MODES/rtl/tessera_aes_sbox_canright_masked.sv
file	src/AES_ALL_MODES/rtl/aes_sbox_canright_masked_noreuse.sv	src/AES_ALL_MODES/rtl/tessera_aes_sbox_canright_masked_noreuse.sv
file	src/AES_ALL_MODES/rtl/aes_sbox_canright_pkg.sv	src/AES_ALL_MODES/rtl/tessera_aes_sbox_canright_pkg.sv
file	src/AES_ALL_MODES/rtl/aes_sbox_dom.sv	src/AES_ALL_MODES/rtl/tessera_aes_sbox_dom.sv
file	src/AES_ALL_MODES/rtl/aes_sbox_lut.sv	src/AES_ALL_MODES/rtl/tessera_aes_sbox_lut.sv
file	src/AES_ALL_MODES/rtl/aes_sel_buf_chk.sv	src/AES_ALL_MODES/rtl/tessera_aes_sel_buf_chk.sv
file	src/AES_ALL_MODES/rtl/aes_shift_rows.sv	src/AES_ALL_MODES/rtl/tessera_aes_shift_rows.sv
file	src/AES_ALL_MODES/rtl/aes_sub_bytes.sv	src/AES_ALL_MODES/rtl/tessera_aes_sub_bytes.sv
