# ARCA identifier rename map for block 'ecc' (prefix: arca_)
interface	ECC_in_driver_bfm	arca_ECC_in_driver_bfm
interface	ECC_in_if	arca_ECC_in_if
interface	ECC_in_monitor_bfm	arca_ECC_in_monitor_bfm
interface	ECC_out_driver_bfm	arca_ECC_out_driver_bfm
interface	ECC_out_if	arca_ECC_out_if
interface	ECC_out_monitor_bfm	arca_ECC_out_monitor_bfm
interface	ecc_top_cov_if	arca_ecc_top_cov_if
macro	CALIPTRA_ECC_DEFINES	ARCA_CALIPTRA_ECC_DEFINES
macro	CALIPTRA_ECC_PARAMS_PKG	ARCA_CALIPTRA_ECC_PARAMS_PKG
macro	CALIPTRA_ECC_PM_UOP_PKG	ARCA_CALIPTRA_ECC_PM_UOP_PKG
macro	__ECCC_NORMAL_SEQUENCE	ARCA___ECCC_NORMAL_SEQUENCE
macro	__ECCC_OTF_RESET_SEQUENCE	ARCA___ECCC_OTF_RESET_SEQUENCE
macro	ECC_DSA_UOP_PKG	ARCA_ECC_DSA_UOP_PKG
macro	ECC_in_CONFIGURATION_FROM_STRUCT_FUNCTION	ARCA_ECC_in_CONFIGURATION_FROM_STRUCT_FUNCTION
macro	ECC_in_CONFIGURATION_STRUCT	ARCA_ECC_in_CONFIGURATION_STRUCT
macro	ECC_in_CONFIGURATION_TO_STRUCT_FUNCTION	ARCA_ECC_in_CONFIGURATION_TO_STRUCT_FUNCTION
macro	ECC_in_FROM_INITIATOR_STRUCT_FUNCTION	ARCA_ECC_in_FROM_INITIATOR_STRUCT_FUNCTION
macro	ECC_in_FROM_MONITOR_STRUCT_FUNCTION	ARCA_ECC_in_FROM_MONITOR_STRUCT_FUNCTION
macro	ECC_in_FROM_RESPONDER_STRUCT_FUNCTION	ARCA_ECC_in_FROM_RESPONDER_STRUCT_FUNCTION
macro	ECC_in_INITIATOR_STRUCT	ARCA_ECC_in_INITIATOR_STRUCT
macro	ECC_in_MONITOR_STRUCT	ARCA_ECC_in_MONITOR_STRUCT
macro	ECC_in_RESPONDER_STRUCT	ARCA_ECC_in_RESPONDER_STRUCT
macro	ECC_in_TO_INITIATOR_STRUCT_FUNCTION	ARCA_ECC_in_TO_INITIATOR_STRUCT_FUNCTION
macro	ECC_in_TO_MONITOR_STRUCT_FUNCTION	ARCA_ECC_in_TO_MONITOR_STRUCT_FUNCTION
macro	ECC_in_TO_RESPONDER_STRUCT_FUNCTION	ARCA_ECC_in_TO_RESPONDER_STRUCT_FUNCTION
macro	__ECC_NORMAL_TEST	ARCA___ECC_NORMAL_TEST
macro	__ECC_OTF_RESET_TEST	ARCA___ECC_OTF_RESET_TEST
macro	ECC_out_CONFIGURATION_FROM_STRUCT_FUNCTION	ARCA_ECC_out_CONFIGURATION_FROM_STRUCT_FUNCTION
macro	ECC_out_CONFIGURATION_STRUCT	ARCA_ECC_out_CONFIGURATION_STRUCT
macro	ECC_out_CONFIGURATION_TO_STRUCT_FUNCTION	ARCA_ECC_out_CONFIGURATION_TO_STRUCT_FUNCTION
macro	ECC_out_FROM_INITIATOR_STRUCT_FUNCTION	ARCA_ECC_out_FROM_INITIATOR_STRUCT_FUNCTION
macro	ECC_out_FROM_MONITOR_STRUCT_FUNCTION	ARCA_ECC_out_FROM_MONITOR_STRUCT_FUNCTION
macro	ECC_out_FROM_RESPONDER_STRUCT_FUNCTION	ARCA_ECC_out_FROM_RESPONDER_STRUCT_FUNCTION
macro	ECC_out_INITIATOR_STRUCT	ARCA_ECC_out_INITIATOR_STRUCT
macro	ECC_out_MONITOR_STRUCT	ARCA_ECC_out_MONITOR_STRUCT
macro	ECC_out_RESPONDER_STRUCT	ARCA_ECC_out_RESPONDER_STRUCT
macro	ECC_out_TO_INITIATOR_STRUCT_FUNCTION	ARCA_ECC_out_TO_INITIATOR_STRUCT_FUNCTION
macro	ECC_out_TO_MONITOR_STRUCT_FUNCTION	ARCA_ECC_out_TO_MONITOR_STRUCT_FUNCTION
macro	ECC_out_TO_RESPONDER_STRUCT_FUNCTION	ARCA_ECC_out_TO_RESPONDER_STRUCT_FUNCTION
macro	hiearchy	ARCA_hiearchy
module	ecc_adder	arca_ecc_adder
module	ecc_add_sub_mod_alter	arca_ecc_add_sub_mod_alter
module	ecc_arith_unit	arca_ecc_arith_unit
module	ecc_dsa_ctrl	arca_ecc_dsa_ctrl
module	ecc_dsa_sequencer	arca_ecc_dsa_sequencer
module	ecc_fau	arca_ecc_fau
module	ecc_hmac_drbg_interface	arca_ecc_hmac_drbg_interface
module	ecc_montgomerymultiplier	arca_ecc_montgomerymultiplier
module	ecc_montgomerymultiplier_tb	arca_ecc_montgomerymultiplier_tb
module	ecc_mult_dsp	arca_ecc_mult_dsp
module	ecc_pe	arca_ecc_pe
module	ecc_pe_final	arca_ecc_pe_final
module	ecc_pe_first	arca_ecc_pe_first
module	ecc_pm_ctrl	arca_ecc_pm_ctrl
module	ecc_pm_sequencer	arca_ecc_pm_sequencer
module	ecc_ram_tdp_file	arca_ecc_ram_tdp_file
module	ecc_reduced_instantiations	arca_ecc_reduced_instantiations
module	ecc_reg	arca_ecc_reg
module	ecc_scalar_blinding	arca_ecc_scalar_blinding
module	ecc_top	arca_ecc_top
module	ecc_top_cov_bind	arca_ecc_top_cov_bind
module	ecc_top_tb	arca_ecc_top_tb
module	fv_add_sub_alter_coverpoints_m	arca_fv_add_sub_alter_coverpoints_m
module	fv_add_sub_alter_m	arca_fv_add_sub_alter_m
module	fv_add_sub_constraints	arca_fv_add_sub_constraints
module	fv_dsa_ctrl_constraints_m	arca_fv_dsa_ctrl_constraints_m
module	fv_ecc_arith_unit	arca_fv_ecc_arith_unit
module	fv_ecc_arith_unit_coverpoints_m	arca_fv_ecc_arith_unit_coverpoints_m
module	fv_ecc_dsa_ctrl_coverpoints	arca_fv_ecc_dsa_ctrl_coverpoints
module	fv_ecc_dsa_ctrl_m	arca_fv_ecc_dsa_ctrl_m
module	fv_ecc_dsa_sequencer	arca_fv_ecc_dsa_sequencer
module	fv_ecc_fau_m	arca_fv_ecc_fau_m
module	fv_ecc_hmac_drbg_interface_constraints_m	arca_fv_ecc_hmac_drbg_interface_constraints_m
module	fv_ecc_hmac_drbg_interface_m	arca_fv_ecc_hmac_drbg_interface_m
module	fv_ecc_montgomerymultiplier_coverpoints_m	arca_fv_ecc_montgomerymultiplier_coverpoints_m
module	fv_ecc_pm_ctrl_abstract	arca_fv_ecc_pm_ctrl_abstract
module	fv_ecc_pm_ctrl_coverpoints_m	arca_fv_ecc_pm_ctrl_coverpoints_m
module	fv_ecc_pm_sequencer	arca_fv_ecc_pm_sequencer
module	fv_ecc_ram_tdp_file	arca_fv_ecc_ram_tdp_file
module	fv_montmultiplier	arca_fv_montmultiplier
module	fv_montmultiplier_glue	arca_fv_montmultiplier_glue
module	fv_pe	arca_fv_pe
module	fv_pe_final	arca_fv_pe_final
module	fv_pe_first	arca_fv_pe_first
module	fv_scalar_blind_m	arca_fv_scalar_blind_m
module	hdl_top	arca_hdl_top
module	hmac_drbg	arca_hmac_drbg
module	hvl_top	arca_hvl_top
module	verilog_dut	arca_verilog_dut
package	ecc_defines_pkg	arca_ecc_defines_pkg
package	ecc_dsa_uop_pkg	arca_ecc_dsa_uop_pkg
package	ECC_env_pkg	arca_ECC_env_pkg
package	ECC_in_pkg	arca_ECC_in_pkg
package	ECC_in_pkg_hdl	arca_ECC_in_pkg_hdl
package	ECC_out_pkg	arca_ECC_out_pkg
package	ECC_out_pkg_hdl	arca_ECC_out_pkg_hdl
package	ECC_parameters_pkg	arca_ECC_parameters_pkg
package	ecc_params_pkg	arca_ecc_params_pkg
package	ecc_pm_uop_pkg	arca_ecc_pm_uop_pkg
package	ecc_reg_pkg	arca_ecc_reg_pkg
package	ECC_sequences_pkg	arca_ECC_sequences_pkg
package	ECC_tests_pkg	arca_ECC_tests_pkg
file	src/ecc/rtl/ecc_adder.sv	arca_src/ecc/rtl/ecc_adder.sv
file	src/ecc/rtl/ecc_add_sub_mod_alter.sv	arca_src/ecc/rtl/ecc_add_sub_mod_alter.sv
file	src/ecc/rtl/ecc_arith_unit.sv	arca_src/ecc/rtl/ecc_arith_unit.sv
file	src/ecc/rtl/ecc_defines_pkg.sv	arca_src/ecc/rtl/ecc_defines_pkg.sv
file	src/ecc/rtl/ecc_dsa_ctrl.sv	arca_src/ecc/rtl/ecc_dsa_ctrl.sv
file	src/ecc/rtl/ecc_dsa_sequencer.sv	arca_src/ecc/rtl/ecc_dsa_sequencer.sv
file	src/ecc/rtl/ecc_dsa_uop_pkg.sv	arca_src/ecc/rtl/ecc_dsa_uop_pkg.sv
file	src/ecc/rtl/ecc_fau.sv	arca_src/ecc/rtl/ecc_fau.sv
file	src/ecc/rtl/ecc_hmac_drbg_interface.sv	arca_src/ecc/rtl/ecc_hmac_drbg_interface.sv
file	src/ecc/rtl/ecc_montgomerymultiplier.sv	arca_src/ecc/rtl/ecc_montgomerymultiplier.sv
file	src/ecc/rtl/ecc_mult_dsp.sv	arca_src/ecc/rtl/ecc_mult_dsp.sv
file	src/ecc/rtl/ecc_params_pkg.sv	arca_src/ecc/rtl/ecc_params_pkg.sv
file	src/ecc/rtl/ecc_pe_final.sv	arca_src/ecc/rtl/ecc_pe_final.sv
file	src/ecc/rtl/ecc_pe_first.sv	arca_src/ecc/rtl/ecc_pe_first.sv
file	src/ecc/rtl/ecc_pe.sv	arca_src/ecc/rtl/ecc_pe.sv
file	src/ecc/rtl/ecc_pm_ctrl.sv	arca_src/ecc/rtl/ecc_pm_ctrl.sv
file	src/ecc/rtl/ecc_pm_sequencer.sv	arca_src/ecc/rtl/ecc_pm_sequencer.sv
file	src/ecc/rtl/ecc_pm_uop_pkg.sv	arca_src/ecc/rtl/ecc_pm_uop_pkg.sv
file	src/ecc/rtl/ecc_ram_tdp_file.sv	arca_src/ecc/rtl/ecc_ram_tdp_file.sv
file	src/ecc/rtl/ecc_reg_pkg.sv	arca_src/ecc/rtl/ecc_reg_pkg.sv
file	src/ecc/rtl/ecc_reg.sv	arca_src/ecc/rtl/ecc_reg.sv
file	src/ecc/rtl/ecc_scalar_blinding.sv	arca_src/ecc/rtl/ecc_scalar_blinding.sv
file	src/ecc/rtl/ecc_top.sv	arca_src/ecc/rtl/ecc_top.sv
file	src/ecc/coverage/ecc_top_cov_bind.sv	arca_src/ecc/coverage/ecc_top_cov_bind.sv
file	src/ecc/coverage/ecc_top_cov_if.sv	arca_src/ecc/coverage/ecc_top_cov_if.sv
file	src/ecc/tb/ecc_montgomerymultiplier_tb.sv	src/ecc/tb/arca_ecc_montgomerymultiplier_tb.sv
file	src/ecc/tb/ecc_top_tb.sv	src/ecc/tb/arca_ecc_top_tb.sv
file	src/ecc/formal/properties/coverpoints/fv_add_sub_alter_coverpoints.sv	src/ecc/formal/properties/coverpoints/arca_fv_add_sub_alter_coverpoints.sv
file	src/ecc/formal/properties/coverpoints/fv_arith_unit_coverpoints.sv	src/ecc/formal/properties/coverpoints/arca_fv_arith_unit_coverpoints.sv
file	src/ecc/formal/properties/coverpoints/fv_ecc_dsa_ctrl_coverpoints.sv	src/ecc/formal/properties/coverpoints/arca_fv_ecc_dsa_ctrl_coverpoints.sv
file	src/ecc/formal/properties/coverpoints/fv_ecc_montgomerymultiplier_coverpoints.sv	src/ecc/formal/properties/coverpoints/arca_fv_ecc_montgomerymultiplier_coverpoints.sv
file	src/ecc/formal/properties/coverpoints/fv_ecc_pm_ctrl_coverpoints_m.sv	src/ecc/formal/properties/coverpoints/arca_fv_ecc_pm_ctrl_coverpoints_m.sv
file	src/ecc/formal/properties/ecc_reduced_instantiations.sv	src/ecc/formal/properties/arca_ecc_reduced_instantiations.sv
file	src/ecc/formal/properties/fv_add_sub_alter.sv	src/ecc/formal/properties/arca_fv_add_sub_alter.sv
file	src/ecc/formal/properties/fv_add_sub_constraints.sv	src/ecc/formal/properties/arca_fv_add_sub_constraints.sv
file	src/ecc/formal/properties/fv_dsa_ctrl_constraints.sv	src/ecc/formal/properties/arca_fv_dsa_ctrl_constraints.sv
file	src/ecc/formal/properties/fv_ecc_arith_unit.sv	src/ecc/formal/properties/arca_fv_ecc_arith_unit.sv
file	src/ecc/formal/properties/fv_ecc_dsa_ctrl.sv	src/ecc/formal/properties/arca_fv_ecc_dsa_ctrl.sv
file	src/ecc/formal/properties/fv_ecc_dsa_sequencer.sv	src/ecc/formal/properties/arca_fv_ecc_dsa_sequencer.sv
file	src/ecc/formal/properties/fv_ecc_fau.sv	src/ecc/formal/properties/arca_fv_ecc_fau.sv
file	src/ecc/formal/properties/fv_ecc_hmac_drbg_interface_constraints.sv	src/ecc/formal/properties/arca_fv_ecc_hmac_drbg_interface_constraints.sv
file	src/ecc/formal/properties/fv_ecc_hmac_drbg_interface.sv	src/ecc/formal/properties/arca_fv_ecc_hmac_drbg_interface.sv
file	src/ecc/formal/properties/fv_ecc_pm_ctrl_abstract.sv	src/ecc/formal/properties/arca_fv_ecc_pm_ctrl_abstract.sv
file	src/ecc/formal/properties/fv_ecc_pm_sequencer.sv	src/ecc/formal/properties/arca_fv_ecc_pm_sequencer.sv
file	src/ecc/formal/properties/fv_ecc_ram_tdp_file.sv	src/ecc/formal/properties/arca_fv_ecc_ram_tdp_file.sv
file	src/ecc/formal/properties/fv_montmultiplier_glue.sv	src/ecc/formal/properties/arca_fv_montmultiplier_glue.sv
file	src/ecc/formal/properties/fv_montmultiplier.sv	src/ecc/formal/properties/arca_fv_montmultiplier.sv
file	src/ecc/formal/properties/fv_pe_final.sv	src/ecc/formal/properties/arca_fv_pe_final.sv
file	src/ecc/formal/properties/fv_pe_first.sv	src/ecc/formal/properties/arca_fv_pe_first.sv
file	src/ecc/formal/properties/fv_pe.sv	src/ecc/formal/properties/arca_fv_pe.sv
file	src/ecc/formal/properties/fv_scalar_blinding.sv	src/ecc/formal/properties/arca_fv_scalar_blinding.sv
file	src/ecc/uvmf_ecc/uvmf_template_output/project_benches/ECC/rtl/verilog/verilog_dut.v	src/ecc/uvmf_ecc/uvmf_template_output/project_benches/ECC/rtl/verilog/arca_verilog_dut.v
file	src/ecc/uvmf_ecc/uvmf_template_output/project_benches/ECC/rtl/verilog/verilog_dut.vinfo	src/ecc/uvmf_ecc/uvmf_template_output/project_benches/ECC/rtl/verilog/arca_verilog_dut.vinfo
file	src/ecc/uvmf_ecc/uvmf_template_output/project_benches/ECC/tb/parameters/ECC_parameters_pkg.compile	src/ecc/uvmf_ecc/uvmf_template_output/project_benches/ECC/tb/parameters/arca_ECC_parameters_pkg.compile
file	src/ecc/uvmf_ecc/uvmf_template_output/project_benches/ECC/tb/parameters/ECC_parameters_pkg.sv	src/ecc/uvmf_ecc/uvmf_template_output/project_benches/ECC/tb/parameters/arca_ECC_parameters_pkg.sv
file	src/ecc/uvmf_ecc/uvmf_template_output/project_benches/ECC/tb/parameters/ECC_parameters_pkg.vinfo	src/ecc/uvmf_ecc/uvmf_template_output/project_benches/ECC/tb/parameters/arca_ECC_parameters_pkg.vinfo
file	src/ecc/uvmf_ecc/uvmf_template_output/project_benches/ECC/tb/sequences/ECC_sequences_pkg.compile	src/ecc/uvmf_ecc/uvmf_template_output/project_benches/ECC/tb/sequences/arca_ECC_sequences_pkg.compile
file	src/ecc/uvmf_ecc/uvmf_template_output/project_benches/ECC/tb/sequences/ECC_sequences_pkg.sv	src/ecc/uvmf_ecc/uvmf_template_output/project_benches/ECC/tb/sequences/arca_ECC_sequences_pkg.sv
file	src/ecc/uvmf_ecc/uvmf_template_output/project_benches/ECC/tb/sequences/ECC_sequences_pkg.vinfo	src/ecc/uvmf_ecc/uvmf_template_output/project_benches/ECC/tb/sequences/arca_ECC_sequences_pkg.vinfo
file	src/ecc/uvmf_ecc/uvmf_template_output/project_benches/ECC/tb/sequences/src/ECC_bench_sequence_base.svh	src/ecc/uvmf_ecc/uvmf_template_output/project_benches/ECC/tb/sequences/src/arca_ECC_bench_sequence_base.svh
file	src/ecc/uvmf_ecc/uvmf_template_output/project_benches/ECC/tb/sequences/src/ECC_normal_sequence.svh	src/ecc/uvmf_ecc/uvmf_template_output/project_benches/ECC/tb/sequences/src/arca_ECC_normal_sequence.svh
file	src/ecc/uvmf_ecc/uvmf_template_output/project_benches/ECC/tb/sequences/src/ECC_otf_reset_sequence.svh	src/ecc/uvmf_ecc/uvmf_template_output/project_benches/ECC/tb/sequences/src/arca_ECC_otf_reset_sequence.svh
file	src/ecc/uvmf_ecc/uvmf_template_output/project_benches/ECC/tb/sequences/src/example_derived_test_sequence.svh	src/ecc/uvmf_ecc/uvmf_template_output/project_benches/ECC/tb/sequences/src/arca_example_derived_test_sequence.svh
file	src/ecc/uvmf_ecc/uvmf_template_output/project_benches/ECC/tb/sequences/src/register_test_sequence.svh	src/ecc/uvmf_ecc/uvmf_template_output/project_benches/ECC/tb/sequences/src/arca_register_test_sequence.svh
file	src/ecc/uvmf_ecc/uvmf_template_output/project_benches/ECC/tb/testbench/hdl_top.compile	src/ecc/uvmf_ecc/uvmf_template_output/project_benches/ECC/tb/testbench/arca_hdl_top.compile
file	src/ecc/uvmf_ecc/uvmf_template_output/project_benches/ECC/tb/testbench/hdl_top.sv	src/ecc/uvmf_ecc/uvmf_template_output/project_benches/ECC/tb/testbench/arca_hdl_top.sv
file	src/ecc/uvmf_ecc/uvmf_template_output/project_benches/ECC/tb/testbench/hdl_top.vinfo	src/ecc/uvmf_ecc/uvmf_template_output/project_benches/ECC/tb/testbench/arca_hdl_top.vinfo
file	src/ecc/uvmf_ecc/uvmf_template_output/project_benches/ECC/tb/testbench/hvl_top.compile	src/ecc/uvmf_ecc/uvmf_template_output/project_benches/ECC/tb/testbench/arca_hvl_top.compile
file	src/ecc/uvmf_ecc/uvmf_template_output/project_benches/ECC/tb/testbench/hvl_top.sv	src/ecc/uvmf_ecc/uvmf_template_output/project_benches/ECC/tb/testbench/arca_hvl_top.sv
file	src/ecc/uvmf_ecc/uvmf_template_output/project_benches/ECC/tb/testbench/hvl_top.vinfo	src/ecc/uvmf_ecc/uvmf_template_output/project_benches/ECC/tb/testbench/arca_hvl_top.vinfo
file	src/ecc/uvmf_ecc/uvmf_template_output/project_benches/ECC/tb/tests/ECC_tests_pkg.compile	src/ecc/uvmf_ecc/uvmf_template_output/project_benches/ECC/tb/tests/arca_ECC_tests_pkg.compile
file	src/ecc/uvmf_ecc/uvmf_template_output/project_benches/ECC/tb/tests/ECC_tests_pkg.sv	src/ecc/uvmf_ecc/uvmf_template_output/project_benches/ECC/tb/tests/arca_ECC_tests_pkg.sv
file	src/ecc/uvmf_ecc/uvmf_template_output/project_benches/ECC/tb/tests/ECC_tests_pkg.vinfo	src/ecc/uvmf_ecc/uvmf_template_output/project_benches/ECC/tb/tests/arca_ECC_tests_pkg.vinfo
file	src/ecc/uvmf_ecc/uvmf_template_output/project_benches/ECC/tb/tests/src/ECC_normal_test.svh	src/ecc/uvmf_ecc/uvmf_template_output/project_benches/ECC/tb/tests/src/arca_ECC_normal_test.svh
file	src/ecc/uvmf_ecc/uvmf_template_output/project_benches/ECC/tb/tests/src/ECC_otf_reset_test.svh	src/ecc/uvmf_ecc/uvmf_template_output/project_benches/ECC/tb/tests/src/arca_ECC_otf_reset_test.svh
file	src/ecc/uvmf_ecc/uvmf_template_output/project_benches/ECC/tb/tests/src/example_derived_test.svh	src/ecc/uvmf_ecc/uvmf_template_output/project_benches/ECC/tb/tests/src/arca_example_derived_test.svh
file	src/ecc/uvmf_ecc/uvmf_template_output/project_benches/ECC/tb/tests/src/register_test.svh	src/ecc/uvmf_ecc/uvmf_template_output/project_benches/ECC/tb/tests/src/arca_register_test.svh
file	src/ecc/uvmf_ecc/uvmf_template_output/project_benches/ECC/tb/tests/src/test_top.svh	src/ecc/uvmf_ecc/uvmf_template_output/project_benches/ECC/tb/tests/src/arca_test_top.svh
file	src/ecc/uvmf_ecc/uvmf_template_output/verification_ip/environment_packages/ECC_env_pkg/ECC_env_pkg.compile	src/ecc/uvmf_ecc/uvmf_template_output/verification_ip/environment_packages/arca_ECC_env_pkg/arca_ECC_env_pkg.compile
file	src/ecc/uvmf_ecc/uvmf_template_output/verification_ip/environment_packages/ECC_env_pkg/ECC_env_pkg.sv	src/ecc/uvmf_ecc/uvmf_template_output/verification_ip/environment_packages/arca_ECC_env_pkg/arca_ECC_env_pkg.sv
file	src/ecc/uvmf_ecc/uvmf_template_output/verification_ip/environment_packages/ECC_env_pkg/ECC_env_pkg.vinfo	src/ecc/uvmf_ecc/uvmf_template_output/verification_ip/environment_packages/arca_ECC_env_pkg/arca_ECC_env_pkg.vinfo
file	src/ecc/uvmf_ecc/uvmf_template_output/verification_ip/environment_packages/ECC_env_pkg/src/ECC_env_configuration.svh	src/ecc/uvmf_ecc/uvmf_template_output/verification_ip/environment_packages/arca_ECC_env_pkg/src/arca_ECC_env_configuration.svh
file	src/ecc/uvmf_ecc/uvmf_template_output/verification_ip/environment_packages/ECC_env_pkg/src/ECC_environment.svh	src/ecc/uvmf_ecc/uvmf_template_output/verification_ip/environment_packages/arca_ECC_env_pkg/src/arca_ECC_environment.svh
file	src/ecc/uvmf_ecc/uvmf_template_output/verification_ip/environment_packages/ECC_env_pkg/src/ECC_env_sequence_base.svh	src/ecc/uvmf_ecc/uvmf_template_output/verification_ip/environment_packages/arca_ECC_env_pkg/src/arca_ECC_env_sequence_base.svh
file	src/ecc/uvmf_ecc/uvmf_template_output/verification_ip/environment_packages/ECC_env_pkg/src/ECC_env_typedefs.svh	src/ecc/uvmf_ecc/uvmf_template_output/verification_ip/environment_packages/arca_ECC_env_pkg/src/arca_ECC_env_typedefs.svh
file	src/ecc/uvmf_ecc/uvmf_template_output/verification_ip/environment_packages/ECC_env_pkg/src/ECC_predictor.svh	src/ecc/uvmf_ecc/uvmf_template_output/verification_ip/environment_packages/arca_ECC_env_pkg/src/arca_ECC_predictor.svh
file	src/ecc/uvmf_ecc/uvmf_template_output/verification_ip/interface_packages/ECC_in_pkg/ECC_in_pkg_hdl.sv	src/ecc/uvmf_ecc/uvmf_template_output/verification_ip/interface_packages/arca_ECC_in_pkg/arca_ECC_in_pkg_hdl.sv
file	src/ecc/uvmf_ecc/uvmf_template_output/verification_ip/interface_packages/ECC_in_pkg/ECC_in_pkg_hdl.vinfo	src/ecc/uvmf_ecc/uvmf_template_output/verification_ip/interface_packages/arca_ECC_in_pkg/arca_ECC_in_pkg_hdl.vinfo
file	src/ecc/uvmf_ecc/uvmf_template_output/verification_ip/interface_packages/ECC_in_pkg/ECC_in_pkg.sv	src/ecc/uvmf_ecc/uvmf_template_output/verification_ip/interface_packages/arca_ECC_in_pkg/arca_ECC_in_pkg.sv
file	src/ecc/uvmf_ecc/uvmf_template_output/verification_ip/interface_packages/ECC_in_pkg/ECC_in_pkg.vinfo	src/ecc/uvmf_ecc/uvmf_template_output/verification_ip/interface_packages/arca_ECC_in_pkg/arca_ECC_in_pkg.vinfo
file	src/ecc/uvmf_ecc/uvmf_template_output/verification_ip/interface_packages/ECC_in_pkg/src/ECC_in2reg_adapter.svh	src/ecc/uvmf_ecc/uvmf_template_output/verification_ip/interface_packages/arca_ECC_in_pkg/src/arca_ECC_in2reg_adapter.svh
file	src/ecc/uvmf_ecc/uvmf_template_output/verification_ip/interface_packages/ECC_in_pkg/src/ECC_in_agent.svh	src/ecc/uvmf_ecc/uvmf_template_output/verification_ip/interface_packages/arca_ECC_in_pkg/src/arca_ECC_in_agent.svh
file	src/ecc/uvmf_ecc/uvmf_template_output/verification_ip/interface_packages/ECC_in_pkg/src/ECC_in_configuration.svh	src/ecc/uvmf_ecc/uvmf_template_output/verification_ip/interface_packages/arca_ECC_in_pkg/src/arca_ECC_in_configuration.svh
file	src/ecc/uvmf_ecc/uvmf_template_output/verification_ip/interface_packages/ECC_in_pkg/src/ECC_in_driver_bfm.sv	src/ecc/uvmf_ecc/uvmf_template_output/verification_ip/interface_packages/arca_ECC_in_pkg/src/arca_ECC_in_driver_bfm.sv
file	src/ecc/uvmf_ecc/uvmf_template_output/verification_ip/interface_packages/ECC_in_pkg/src/ECC_in_driver.svh	src/ecc/uvmf_ecc/uvmf_template_output/verification_ip/interface_packages/arca_ECC_in_pkg/src/arca_ECC_in_driver.svh
file	src/ecc/uvmf_ecc/uvmf_template_output/verification_ip/interface_packages/ECC_in_pkg/src/ECC_in_if.sv	src/ecc/uvmf_ecc/uvmf_template_output/verification_ip/interface_packages/arca_ECC_in_pkg/src/arca_ECC_in_if.sv
file	src/ecc/uvmf_ecc/uvmf_template_output/verification_ip/interface_packages/ECC_in_pkg/src/ECC_in_macros.svh	src/ecc/uvmf_ecc/uvmf_template_output/verification_ip/interface_packages/arca_ECC_in_pkg/src/arca_ECC_in_macros.svh
file	src/ecc/uvmf_ecc/uvmf_template_output/verification_ip/interface_packages/ECC_in_pkg/src/ECC_in_monitor_bfm.sv	src/ecc/uvmf_ecc/uvmf_template_output/verification_ip/interface_packages/arca_ECC_in_pkg/src/arca_ECC_in_monitor_bfm.sv
file	src/ecc/uvmf_ecc/uvmf_template_output/verification_ip/interface_packages/ECC_in_pkg/src/ECC_in_monitor.svh	src/ecc/uvmf_ecc/uvmf_template_output/verification_ip/interface_packages/arca_ECC_in_pkg/src/arca_ECC_in_monitor.svh
file	src/ecc/uvmf_ecc/uvmf_template_output/verification_ip/interface_packages/ECC_in_pkg/src/ECC_in_normal_sequence.svh	src/ecc/uvmf_ecc/uvmf_template_output/verification_ip/interface_packages/arca_ECC_in_pkg/src/arca_ECC_in_normal_sequence.svh
file	src/ecc/uvmf_ecc/uvmf_template_output/verification_ip/interface_packages/ECC_in_pkg/src/ECC_in_otf_reset_sequence.svh	src/ecc/uvmf_ecc/uvmf_template_output/verification_ip/interface_packages/arca_ECC_in_pkg/src/arca_ECC_in_otf_reset_sequence.svh
file	src/ecc/uvmf_ecc/uvmf_template_output/verification_ip/interface_packages/ECC_in_pkg/src/ECC_in_random_sequence.svh	src/ecc/uvmf_ecc/uvmf_template_output/verification_ip/interface_packages/arca_ECC_in_pkg/src/arca_ECC_in_random_sequence.svh
file	src/ecc/uvmf_ecc/uvmf_template_output/verification_ip/interface_packages/ECC_in_pkg/src/ECC_in_reset_sequence.svh	src/ecc/uvmf_ecc/uvmf_template_output/verification_ip/interface_packages/arca_ECC_in_pkg/src/arca_ECC_in_reset_sequence.svh
file	src/ecc/uvmf_ecc/uvmf_template_output/verification_ip/interface_packages/ECC_in_pkg/src/ECC_in_responder_sequence.svh	src/ecc/uvmf_ecc/uvmf_template_output/verification_ip/interface_packages/arca_ECC_in_pkg/src/arca_ECC_in_responder_sequence.svh
file	src/ecc/uvmf_ecc/uvmf_template_output/verification_ip/interface_packages/ECC_in_pkg/src/ECC_in_sequence_base.svh	src/ecc/uvmf_ecc/uvmf_template_output/verification_ip/interface_packages/arca_ECC_in_pkg/src/arca_ECC_in_sequence_base.svh
file	src/ecc/uvmf_ecc/uvmf_template_output/verification_ip/interface_packages/ECC_in_pkg/src/ECC_in_transaction_coverage.svh	src/ecc/uvmf_ecc/uvmf_template_output/verification_ip/interface_packages/arca_ECC_in_pkg/src/arca_ECC_in_transaction_coverage.svh
file	src/ecc/uvmf_ecc/uvmf_template_output/verification_ip/interface_packages/ECC_in_pkg/src/ECC_in_transaction.svh	src/ecc/uvmf_ecc/uvmf_template_output/verification_ip/interface_packages/arca_ECC_in_pkg/src/arca_ECC_in_transaction.svh
file	src/ecc/uvmf_ecc/uvmf_template_output/verification_ip/interface_packages/ECC_in_pkg/src/ECC_in_typedefs_hdl.svh	src/ecc/uvmf_ecc/uvmf_template_output/verification_ip/interface_packages/arca_ECC_in_pkg/src/arca_ECC_in_typedefs_hdl.svh
file	src/ecc/uvmf_ecc/uvmf_template_output/verification_ip/interface_packages/ECC_in_pkg/src/ECC_in_typedefs.svh	src/ecc/uvmf_ecc/uvmf_template_output/verification_ip/interface_packages/arca_ECC_in_pkg/src/arca_ECC_in_typedefs.svh
file	src/ecc/uvmf_ecc/uvmf_template_output/verification_ip/interface_packages/ECC_out_pkg/ECC_out_pkg_hdl.sv	src/ecc/uvmf_ecc/uvmf_template_output/verification_ip/interface_packages/arca_ECC_out_pkg/arca_ECC_out_pkg_hdl.sv
file	src/ecc/uvmf_ecc/uvmf_template_output/verification_ip/interface_packages/ECC_out_pkg/ECC_out_pkg_hdl.vinfo	src/ecc/uvmf_ecc/uvmf_template_output/verification_ip/interface_packages/arca_ECC_out_pkg/arca_ECC_out_pkg_hdl.vinfo
file	src/ecc/uvmf_ecc/uvmf_template_output/verification_ip/interface_packages/ECC_out_pkg/ECC_out_pkg.sv	src/ecc/uvmf_ecc/uvmf_template_output/verification_ip/interface_packages/arca_ECC_out_pkg/arca_ECC_out_pkg.sv
file	src/ecc/uvmf_ecc/uvmf_template_output/verification_ip/interface_packages/ECC_out_pkg/ECC_out_pkg.vinfo	src/ecc/uvmf_ecc/uvmf_template_output/verification_ip/interface_packages/arca_ECC_out_pkg/arca_ECC_out_pkg.vinfo
file	src/ecc/uvmf_ecc/uvmf_template_output/verification_ip/interface_packages/ECC_out_pkg/src/ECC_out2reg_adapter.svh	src/ecc/uvmf_ecc/uvmf_template_output/verification_ip/interface_packages/arca_ECC_out_pkg/src/arca_ECC_out2reg_adapter.svh
file	src/ecc/uvmf_ecc/uvmf_template_output/verification_ip/interface_packages/ECC_out_pkg/src/ECC_out_agent.svh	src/ecc/uvmf_ecc/uvmf_template_output/verification_ip/interface_packages/arca_ECC_out_pkg/src/arca_ECC_out_agent.svh
file	src/ecc/uvmf_ecc/uvmf_template_output/verification_ip/interface_packages/ECC_out_pkg/src/ECC_out_configuration.svh	src/ecc/uvmf_ecc/uvmf_template_output/verification_ip/interface_packages/arca_ECC_out_pkg/src/arca_ECC_out_configuration.svh
file	src/ecc/uvmf_ecc/uvmf_template_output/verification_ip/interface_packages/ECC_out_pkg/src/ECC_out_driver_bfm.sv	src/ecc/uvmf_ecc/uvmf_template_output/verification_ip/interface_packages/arca_ECC_out_pkg/src/arca_ECC_out_driver_bfm.sv
file	src/ecc/uvmf_ecc/uvmf_template_output/verification_ip/interface_packages/ECC_out_pkg/src/ECC_out_driver.svh	src/ecc/uvmf_ecc/uvmf_template_output/verification_ip/interface_packages/arca_ECC_out_pkg/src/arca_ECC_out_driver.svh
file	src/ecc/uvmf_ecc/uvmf_template_output/verification_ip/interface_packages/ECC_out_pkg/src/ECC_out_if.sv	src/ecc/uvmf_ecc/uvmf_template_output/verification_ip/interface_packages/arca_ECC_out_pkg/src/arca_ECC_out_if.sv
file	src/ecc/uvmf_ecc/uvmf_template_output/verification_ip/interface_packages/ECC_out_pkg/src/ECC_out_macros.svh	src/ecc/uvmf_ecc/uvmf_template_output/verification_ip/interface_packages/arca_ECC_out_pkg/src/arca_ECC_out_macros.svh
file	src/ecc/uvmf_ecc/uvmf_template_output/verification_ip/interface_packages/ECC_out_pkg/src/ECC_out_monitor_bfm.sv	src/ecc/uvmf_ecc/uvmf_template_output/verification_ip/interface_packages/arca_ECC_out_pkg/src/arca_ECC_out_monitor_bfm.sv
file	src/ecc/uvmf_ecc/uvmf_template_output/verification_ip/interface_packages/ECC_out_pkg/src/ECC_out_monitor.svh	src/ecc/uvmf_ecc/uvmf_template_output/verification_ip/interface_packages/arca_ECC_out_pkg/src/arca_ECC_out_monitor.svh
file	src/ecc/uvmf_ecc/uvmf_template_output/verification_ip/interface_packages/ECC_out_pkg/src/ECC_out_random_sequence.svh	src/ecc/uvmf_ecc/uvmf_template_output/verification_ip/interface_packages/arca_ECC_out_pkg/src/arca_ECC_out_random_sequence.svh
file	src/ecc/uvmf_ecc/uvmf_template_output/verification_ip/interface_packages/ECC_out_pkg/src/ECC_out_responder_sequence.svh	src/ecc/uvmf_ecc/uvmf_template_output/verification_ip/interface_packages/arca_ECC_out_pkg/src/arca_ECC_out_responder_sequence.svh
file	src/ecc/uvmf_ecc/uvmf_template_output/verification_ip/interface_packages/ECC_out_pkg/src/ECC_out_sequence_base.svh	src/ecc/uvmf_ecc/uvmf_template_output/verification_ip/interface_packages/arca_ECC_out_pkg/src/arca_ECC_out_sequence_base.svh
file	src/ecc/uvmf_ecc/uvmf_template_output/verification_ip/interface_packages/ECC_out_pkg/src/ECC_out_transaction_coverage.svh	src/ecc/uvmf_ecc/uvmf_template_output/verification_ip/interface_packages/arca_ECC_out_pkg/src/arca_ECC_out_transaction_coverage.svh
file	src/ecc/uvmf_ecc/uvmf_template_output/verification_ip/interface_packages/ECC_out_pkg/src/ECC_out_transaction.svh	src/ecc/uvmf_ecc/uvmf_template_output/verification_ip/interface_packages/arca_ECC_out_pkg/src/arca_ECC_out_transaction.svh
file	src/ecc/uvmf_ecc/uvmf_template_output/verification_ip/interface_packages/ECC_out_pkg/src/ECC_out_typedefs_hdl.svh	src/ecc/uvmf_ecc/uvmf_template_output/verification_ip/interface_packages/arca_ECC_out_pkg/src/arca_ECC_out_typedefs_hdl.svh
file	src/ecc/uvmf_ecc/uvmf_template_output/verification_ip/interface_packages/ECC_out_pkg/src/ECC_out_typedefs.svh	src/ecc/uvmf_ecc/uvmf_template_output/verification_ip/interface_packages/arca_ECC_out_pkg/src/arca_ECC_out_typedefs.svh
