# ARCA identifier rename map for block 'hmac' (prefix: arca_)
interface	hmac_ctrl_cov_if	arca_hmac_ctrl_cov_if
interface	hmac_drbg_cov_if	arca_hmac_drbg_cov_if
interface	HMAC_in_driver_bfm	arca_HMAC_in_driver_bfm
interface	HMAC_in_if	arca_HMAC_in_if
interface	HMAC_in_monitor_bfm	arca_HMAC_in_monitor_bfm
interface	HMAC_out_driver_bfm	arca_HMAC_out_driver_bfm
interface	HMAC_out_if	arca_HMAC_out_if
interface	HMAC_out_monitor_bfm	arca_HMAC_out_monitor_bfm
macro	CLP_CSR_HMAC_KEY_DWORDS	ARCA_CLP_CSR_HMAC_KEY_DWORDS
macro	HMAC_in_CONFIGURATION_FROM_STRUCT_FUNCTION	ARCA_HMAC_in_CONFIGURATION_FROM_STRUCT_FUNCTION
macro	HMAC_in_CONFIGURATION_STRUCT	ARCA_HMAC_in_CONFIGURATION_STRUCT
macro	HMAC_in_CONFIGURATION_TO_STRUCT_FUNCTION	ARCA_HMAC_in_CONFIGURATION_TO_STRUCT_FUNCTION
macro	HMAC_in_FROM_INITIATOR_STRUCT_FUNCTION	ARCA_HMAC_in_FROM_INITIATOR_STRUCT_FUNCTION
macro	HMAC_in_FROM_MONITOR_STRUCT_FUNCTION	ARCA_HMAC_in_FROM_MONITOR_STRUCT_FUNCTION
macro	HMAC_in_FROM_RESPONDER_STRUCT_FUNCTION	ARCA_HMAC_in_FROM_RESPONDER_STRUCT_FUNCTION
macro	HMAC_in_INITIATOR_STRUCT	ARCA_HMAC_in_INITIATOR_STRUCT
macro	HMAC_in_MONITOR_STRUCT	ARCA_HMAC_in_MONITOR_STRUCT
macro	HMAC_in_RESPONDER_STRUCT	ARCA_HMAC_in_RESPONDER_STRUCT
macro	HMAC_in_TO_INITIATOR_STRUCT_FUNCTION	ARCA_HMAC_in_TO_INITIATOR_STRUCT_FUNCTION
macro	HMAC_in_TO_MONITOR_STRUCT_FUNCTION	ARCA_HMAC_in_TO_MONITOR_STRUCT_FUNCTION
macro	HMAC_in_TO_RESPONDER_STRUCT_FUNCTION	ARCA_HMAC_in_TO_RESPONDER_STRUCT_FUNCTION
macro	__HMAC_LAST_ALONE_ERROR_SEQUENCE	ARCA___HMAC_LAST_ALONE_ERROR_SEQUENCE
macro	__HMAC_LAST_ALONE_ERROR_TEST	ARCA___HMAC_LAST_ALONE_ERROR_TEST
macro	__HMAC_OTF_RESET_SEQUENCE	ARCA___HMAC_OTF_RESET_SEQUENCE
macro	__HMAC_OTF_RESET_TEST	ARCA___HMAC_OTF_RESET_TEST
macro	HMAC_out_CONFIGURATION_FROM_STRUCT_FUNCTION	ARCA_HMAC_out_CONFIGURATION_FROM_STRUCT_FUNCTION
macro	HMAC_out_CONFIGURATION_STRUCT	ARCA_HMAC_out_CONFIGURATION_STRUCT
macro	HMAC_out_CONFIGURATION_TO_STRUCT_FUNCTION	ARCA_HMAC_out_CONFIGURATION_TO_STRUCT_FUNCTION
macro	HMAC_out_FROM_INITIATOR_STRUCT_FUNCTION	ARCA_HMAC_out_FROM_INITIATOR_STRUCT_FUNCTION
macro	HMAC_out_FROM_MONITOR_STRUCT_FUNCTION	ARCA_HMAC_out_FROM_MONITOR_STRUCT_FUNCTION
macro	HMAC_out_FROM_RESPONDER_STRUCT_FUNCTION	ARCA_HMAC_out_FROM_RESPONDER_STRUCT_FUNCTION
macro	HMAC_out_INITIATOR_STRUCT	ARCA_HMAC_out_INITIATOR_STRUCT
macro	HMAC_out_MONITOR_STRUCT	ARCA_HMAC_out_MONITOR_STRUCT
macro	HMAC_out_RESPONDER_STRUCT	ARCA_HMAC_out_RESPONDER_STRUCT
macro	HMAC_out_TO_INITIATOR_STRUCT_FUNCTION	ARCA_HMAC_out_TO_INITIATOR_STRUCT_FUNCTION
macro	HMAC_out_TO_MONITOR_STRUCT_FUNCTION	ARCA_HMAC_out_TO_MONITOR_STRUCT_FUNCTION
macro	HMAC_out_TO_RESPONDER_STRUCT_FUNCTION	ARCA_HMAC_out_TO_RESPONDER_STRUCT_FUNCTION
macro	HMAC_PARAM_PKG	ARCA_HMAC_PARAM_PKG
macro	__HMAC_RANDOM_SEQUENCE	ARCA___HMAC_RANDOM_SEQUENCE
macro	__HMAC_RANDOM_TEST	ARCA___HMAC_RANDOM_TEST
module	fv_constraints_m	arca_fv_constraints_m
module	fv_constraints_wip_m	arca_fv_constraints_wip_m
module	fv_coverpoints_m	arca_fv_coverpoints_m
module	fv_hmac_core_m	arca_fv_hmac_core_m
module	fv_hmac_drbg_m	arca_fv_hmac_drbg_m
module	fv_hmac_drbg_wrapper_m	arca_fv_hmac_drbg_wrapper_m
module	fv_key_stable_top_m	arca_fv_key_stable_top_m
module	hdl_top	arca_hdl_top
module	hmac	arca_hmac
module	hmac_core	arca_hmac_core
module	hmac_ctrl	arca_hmac_ctrl
module	hmac_ctrl_cov_bind	arca_hmac_ctrl_cov_bind
module	hmac_ctrl_tb	arca_hmac_ctrl_tb
module	hmac_drbg	arca_hmac_drbg
module	hmac_drbg_cov_bind	arca_hmac_drbg_cov_bind
module	hmac_drbg_tb	arca_hmac_drbg_tb
module	hmac_reg	arca_hmac_reg
module	hvl_top	arca_hvl_top
module	verilog_dut	arca_verilog_dut
package	global_package	arca_global_package
package	hmac_drbg_pkg	arca_hmac_drbg_pkg
package	HMAC_env_pkg	arca_HMAC_env_pkg
package	HMAC_in_pkg	arca_HMAC_in_pkg
package	HMAC_in_pkg_hdl	arca_HMAC_in_pkg_hdl
package	HMAC_out_pkg	arca_HMAC_out_pkg
package	HMAC_out_pkg_hdl	arca_HMAC_out_pkg_hdl
package	HMAC_parameters_pkg	arca_HMAC_parameters_pkg
package	hmac_param_pkg	arca_hmac_param_pkg
package	hmac_reg_pkg	arca_hmac_reg_pkg
package	HMAC_sequences_pkg	arca_HMAC_sequences_pkg
package	HMAC_tests_pkg	arca_HMAC_tests_pkg
file	src/hmac/rtl/hmac_core.sv	arca_src/hmac/rtl/hmac_core.sv
file	src/hmac/rtl/hmac_ctrl.sv	arca_src/hmac/rtl/hmac_ctrl.sv
file	src/hmac/rtl/hmac_param_pkg.sv	arca_src/hmac/rtl/hmac_param_pkg.sv
file	src/hmac/rtl/hmac_reg_pkg.sv	arca_src/hmac/rtl/hmac_reg_pkg.sv
file	src/hmac/rtl/hmac_reg.sv	arca_src/hmac/rtl/hmac_reg.sv
file	src/hmac/rtl/hmac.sv	arca_src/hmac/rtl/hmac.sv
file	src/hmac/coverage/hmac_ctrl_cov_bind.sv	arca_src/hmac/coverage/hmac_ctrl_cov_bind.sv
file	src/hmac/coverage/hmac_ctrl_cov_if.sv	arca_src/hmac/coverage/hmac_ctrl_cov_if.sv
file	src/hmac_drbg/rtl/hmac_drbg.sv	arca_src/hmac_drbg/rtl/hmac_drbg.sv
file	src/hmac_drbg/coverage/hmac_drbg_cov_bind.sv	arca_src/hmac_drbg/coverage/hmac_drbg_cov_bind.sv
file	src/hmac_drbg/coverage/hmac_drbg_cov_if.sv	arca_src/hmac_drbg/coverage/hmac_drbg_cov_if.sv
file	(generated)	arca_hmac_config.svh
file	src/hmac/tb/hmac_ctrl_tb.sv	src/hmac/tb/arca_hmac_ctrl_tb.sv
file	src/hmac/formal/model/hmac_core.h	src/hmac/formal/model/arca_hmac_core.h
file	src/hmac/uvmf_2022/uvmf_template_output/project_benches/HMAC/rtl/verilog/verilog_dut.v	src/hmac/uvmf_2022/uvmf_template_output/project_benches/HMAC/rtl/verilog/arca_verilog_dut.v
file	src/hmac/uvmf_2022/uvmf_template_output/project_benches/HMAC/rtl/verilog/verilog_dut.vinfo	src/hmac/uvmf_2022/uvmf_template_output/project_benches/HMAC/rtl/verilog/arca_verilog_dut.vinfo
file	src/hmac/uvmf_2022/uvmf_template_output/project_benches/HMAC/tb/parameters/HMAC_parameters_pkg.compile	src/hmac/uvmf_2022/uvmf_template_output/project_benches/HMAC/tb/parameters/arca_HMAC_parameters_pkg.compile
file	src/hmac/uvmf_2022/uvmf_template_output/project_benches/HMAC/tb/parameters/HMAC_parameters_pkg.sv	src/hmac/uvmf_2022/uvmf_template_output/project_benches/HMAC/tb/parameters/arca_HMAC_parameters_pkg.sv
file	src/hmac/uvmf_2022/uvmf_template_output/project_benches/HMAC/tb/parameters/HMAC_parameters_pkg.vinfo	src/hmac/uvmf_2022/uvmf_template_output/project_benches/HMAC/tb/parameters/arca_HMAC_parameters_pkg.vinfo
file	src/hmac/uvmf_2022/uvmf_template_output/project_benches/HMAC/tb/sequences/HMAC_sequences_pkg.compile	src/hmac/uvmf_2022/uvmf_template_output/project_benches/HMAC/tb/sequences/arca_HMAC_sequences_pkg.compile
file	src/hmac/uvmf_2022/uvmf_template_output/project_benches/HMAC/tb/sequences/HMAC_sequences_pkg.sv	src/hmac/uvmf_2022/uvmf_template_output/project_benches/HMAC/tb/sequences/arca_HMAC_sequences_pkg.sv
file	src/hmac/uvmf_2022/uvmf_template_output/project_benches/HMAC/tb/sequences/HMAC_sequences_pkg.vinfo	src/hmac/uvmf_2022/uvmf_template_output/project_benches/HMAC/tb/sequences/arca_HMAC_sequences_pkg.vinfo
file	src/hmac/uvmf_2022/uvmf_template_output/project_benches/HMAC/tb/testbench/hdl_top.compile	src/hmac/uvmf_2022/uvmf_template_output/project_benches/HMAC/tb/testbench/arca_hdl_top.compile
file	src/hmac/uvmf_2022/uvmf_template_output/project_benches/HMAC/tb/testbench/hdl_top.sv	src/hmac/uvmf_2022/uvmf_template_output/project_benches/HMAC/tb/testbench/arca_hdl_top.sv
file	src/hmac/uvmf_2022/uvmf_template_output/project_benches/HMAC/tb/testbench/hdl_top.vinfo	src/hmac/uvmf_2022/uvmf_template_output/project_benches/HMAC/tb/testbench/arca_hdl_top.vinfo
file	src/hmac/uvmf_2022/uvmf_template_output/project_benches/HMAC/tb/testbench/hvl_top.compile	src/hmac/uvmf_2022/uvmf_template_output/project_benches/HMAC/tb/testbench/arca_hvl_top.compile
file	src/hmac/uvmf_2022/uvmf_template_output/project_benches/HMAC/tb/testbench/hvl_top.sv	src/hmac/uvmf_2022/uvmf_template_output/project_benches/HMAC/tb/testbench/arca_hvl_top.sv
file	src/hmac/uvmf_2022/uvmf_template_output/project_benches/HMAC/tb/testbench/hvl_top.vinfo	src/hmac/uvmf_2022/uvmf_template_output/project_benches/HMAC/tb/testbench/arca_hvl_top.vinfo
file	src/hmac/uvmf_2022/uvmf_template_output/project_benches/HMAC/tb/tests/HMAC_tests_pkg.compile	src/hmac/uvmf_2022/uvmf_template_output/project_benches/HMAC/tb/tests/arca_HMAC_tests_pkg.compile
file	src/hmac/uvmf_2022/uvmf_template_output/project_benches/HMAC/tb/tests/HMAC_tests_pkg.sv	src/hmac/uvmf_2022/uvmf_template_output/project_benches/HMAC/tb/tests/arca_HMAC_tests_pkg.sv
file	src/hmac/uvmf_2022/uvmf_template_output/project_benches/HMAC/tb/tests/HMAC_tests_pkg.vinfo	src/hmac/uvmf_2022/uvmf_template_output/project_benches/HMAC/tb/tests/arca_HMAC_tests_pkg.vinfo
file	src/hmac/uvmf_2022/uvmf_template_output/verification_ip/environment_packages/HMAC_env_pkg/HMAC_env_pkg.compile	src/hmac/uvmf_2022/uvmf_template_output/verification_ip/environment_packages/HMAC_env_pkg/arca_HMAC_env_pkg.compile
file	src/hmac/uvmf_2022/uvmf_template_output/verification_ip/environment_packages/HMAC_env_pkg/HMAC_env_pkg.sv	src/hmac/uvmf_2022/uvmf_template_output/verification_ip/environment_packages/HMAC_env_pkg/arca_HMAC_env_pkg.sv
file	src/hmac/uvmf_2022/uvmf_template_output/verification_ip/environment_packages/HMAC_env_pkg/HMAC_env_pkg.vinfo	src/hmac/uvmf_2022/uvmf_template_output/verification_ip/environment_packages/HMAC_env_pkg/arca_HMAC_env_pkg.vinfo
file	src/hmac/uvmf_2022/uvmf_template_output/verification_ip/interface_packages/HMAC_in_pkg/HMAC_in_pkg_hdl.sv	src/hmac/uvmf_2022/uvmf_template_output/verification_ip/interface_packages/HMAC_in_pkg/arca_HMAC_in_pkg_hdl.sv
file	src/hmac/uvmf_2022/uvmf_template_output/verification_ip/interface_packages/HMAC_in_pkg/HMAC_in_pkg_hdl.vinfo	src/hmac/uvmf_2022/uvmf_template_output/verification_ip/interface_packages/HMAC_in_pkg/arca_HMAC_in_pkg_hdl.vinfo
file	src/hmac/uvmf_2022/uvmf_template_output/verification_ip/interface_packages/HMAC_in_pkg/HMAC_in_pkg.sv	src/hmac/uvmf_2022/uvmf_template_output/verification_ip/interface_packages/HMAC_in_pkg/arca_HMAC_in_pkg.sv
file	src/hmac/uvmf_2022/uvmf_template_output/verification_ip/interface_packages/HMAC_in_pkg/HMAC_in_pkg.vinfo	src/hmac/uvmf_2022/uvmf_template_output/verification_ip/interface_packages/HMAC_in_pkg/arca_HMAC_in_pkg.vinfo
file	src/hmac/uvmf_2022/uvmf_template_output/verification_ip/interface_packages/HMAC_in_pkg/src/HMAC_in_driver_bfm.sv	src/hmac/uvmf_2022/uvmf_template_output/verification_ip/interface_packages/HMAC_in_pkg/src/arca_HMAC_in_driver_bfm.sv
file	src/hmac/uvmf_2022/uvmf_template_output/verification_ip/interface_packages/HMAC_in_pkg/src/HMAC_in_if.sv	src/hmac/uvmf_2022/uvmf_template_output/verification_ip/interface_packages/HMAC_in_pkg/src/arca_HMAC_in_if.sv
file	src/hmac/uvmf_2022/uvmf_template_output/verification_ip/interface_packages/HMAC_in_pkg/src/HMAC_in_monitor_bfm.sv	src/hmac/uvmf_2022/uvmf_template_output/verification_ip/interface_packages/HMAC_in_pkg/src/arca_HMAC_in_monitor_bfm.sv
file	src/hmac/uvmf_2022/uvmf_template_output/verification_ip/interface_packages/HMAC_out_pkg/HMAC_out_pkg_hdl.sv	src/hmac/uvmf_2022/uvmf_template_output/verification_ip/interface_packages/HMAC_out_pkg/arca_HMAC_out_pkg_hdl.sv
file	src/hmac/uvmf_2022/uvmf_template_output/verification_ip/interface_packages/HMAC_out_pkg/HMAC_out_pkg_hdl.vinfo	src/hmac/uvmf_2022/uvmf_template_output/verification_ip/interface_packages/HMAC_out_pkg/arca_HMAC_out_pkg_hdl.vinfo
file	src/hmac/uvmf_2022/uvmf_template_output/verification_ip/interface_packages/HMAC_out_pkg/HMAC_out_pkg.sv	src/hmac/uvmf_2022/uvmf_template_output/verification_ip/interface_packages/HMAC_out_pkg/arca_HMAC_out_pkg.sv
file	src/hmac/uvmf_2022/uvmf_template_output/verification_ip/interface_packages/HMAC_out_pkg/HMAC_out_pkg.vinfo	src/hmac/uvmf_2022/uvmf_template_output/verification_ip/interface_packages/HMAC_out_pkg/arca_HMAC_out_pkg.vinfo
file	src/hmac/uvmf_2022/uvmf_template_output/verification_ip/interface_packages/HMAC_out_pkg/src/HMAC_out_driver_bfm.sv	src/hmac/uvmf_2022/uvmf_template_output/verification_ip/interface_packages/HMAC_out_pkg/src/arca_HMAC_out_driver_bfm.sv
file	src/hmac/uvmf_2022/uvmf_template_output/verification_ip/interface_packages/HMAC_out_pkg/src/HMAC_out_if.sv	src/hmac/uvmf_2022/uvmf_template_output/verification_ip/interface_packages/HMAC_out_pkg/src/arca_HMAC_out_if.sv
file	src/hmac/uvmf_2022/uvmf_template_output/verification_ip/interface_packages/HMAC_out_pkg/src/HMAC_out_monitor_bfm.sv	src/hmac/uvmf_2022/uvmf_template_output/verification_ip/interface_packages/HMAC_out_pkg/src/arca_HMAC_out_monitor_bfm.sv
file	src/hmac_drbg/tb/hmac_drbg_tb.sv	src/hmac_drbg/tb/arca_hmac_drbg_tb.sv
file	src/hmac_drbg/tb/test_vectors/hmac_drbg_tb.hex	src/hmac_drbg/tb/test_vectors/arca_hmac_drbg_tb.hex
file	src/hmac_drbg/formal/properties/fv_constraints_m.sv	src/hmac_drbg/formal/properties/arca_fv_constraints_m.sv
