# ARCA identifier rename map for block 'sha512' (prefix: arca_)
module	sha512	arca_sha512
module	sha512_core	arca_sha512_core
module	sha512_ctrl	arca_sha512_ctrl
module	sha512_h_constants	arca_sha512_h_constants
module	sha512_k_constants	arca_sha512_k_constants
module	sha512_reg	arca_sha512_reg
module	sha512_w_mem	arca_sha512_w_mem
package	sha512_params_pkg	arca_sha512_params_pkg
package	sha512_reg_pkg	arca_sha512_reg_pkg
file	src/sha512/rtl/sha512.sv	src/sha512/rtl/arca_sha512.sv
file	src/sha512/rtl/sha512_core.v	src/sha512/rtl/arca_sha512_core.v
file	src/sha512/rtl/sha512_ctrl.sv	src/sha512/rtl/arca_sha512_ctrl.sv
file	src/sha512/rtl/sha512_h_constants.v	src/sha512/rtl/arca_sha512_h_constants.v
file	src/sha512/rtl/sha512_k_constants.v	src/sha512/rtl/arca_sha512_k_constants.v
file	src/sha512/rtl/sha512_params_pkg.sv	src/sha512/rtl/arca_sha512_params_pkg.sv
file	src/sha512/rtl/sha512_reg.sv	src/sha512/rtl/arca_sha512_reg.sv
file	src/sha512/rtl/sha512_reg_pkg.sv	src/sha512/rtl/arca_sha512_reg_pkg.sv
file	src/sha512/rtl/sha512_w_mem.v	src/sha512/rtl/arca_sha512_w_mem.v
