# ARCA identifier rename map for block 'sha3' (prefix: arca_)
macro	SHA3_PARAM_PKG	ARCA_SHA3_PARAM_PKG
module	kmac	arca_kmac
module	kmac_app	arca_kmac_app
module	kmac_core	arca_kmac_core
module	kmac_entropy	arca_kmac_entropy
module	kmac_errchk	arca_kmac_errchk
module	kmac_msgfifo	arca_kmac_msgfifo
module	kmac_reg_top	arca_kmac_reg_top
module	kmac_staterd	arca_kmac_staterd
module	ot_keccak_2share	arca_ot_keccak_2share
module	ot_keccak_round	arca_ot_keccak_round
module	ot_sha3	arca_ot_sha3
module	ot_sha3pad	arca_ot_sha3pad
module	sha3_ctrl	arca_sha3_ctrl
module	sha3_reg	arca_sha3_reg
package	kmac_pkg	arca_kmac_pkg
package	kmac_reg_pkg	arca_kmac_reg_pkg
package	ot_sha3_pkg	arca_ot_sha3_pkg
package	sha3_param_pkg	arca_sha3_param_pkg
package	sha3_reg_pkg	arca_sha3_reg_pkg
file	src/sha3/rtl/kmac.sv	src/sha3/rtl/arca_kmac.sv
file	src/sha3/rtl/kmac_app.sv	src/sha3/rtl/arca_kmac_app.sv
file	src/sha3/rtl/kmac_core.sv	src/sha3/rtl/arca_kmac_core.sv
file	src/sha3/rtl/kmac_entropy.sv	src/sha3/rtl/arca_kmac_entropy.sv
file	src/sha3/rtl/kmac_errchk.sv	src/sha3/rtl/arca_kmac_errchk.sv
file	src/sha3/rtl/kmac_msgfifo.sv	src/sha3/rtl/arca_kmac_msgfifo.sv
file	src/sha3/rtl/kmac_pkg.sv	src/sha3/rtl/arca_kmac_pkg.sv
file	src/sha3/rtl/kmac_reg_pkg.sv	src/sha3/rtl/arca_kmac_reg_pkg.sv
file	src/sha3/rtl/kmac_reg_top.sv	src/sha3/rtl/arca_kmac_reg_top.sv
file	src/sha3/rtl/kmac_staterd.sv	src/sha3/rtl/arca_kmac_staterd.sv
file	src/sha3/rtl/ot_keccak_2share.sv	src/sha3/rtl/arca_ot_keccak_2share.sv
file	src/sha3/rtl/ot_keccak_round.sv	src/sha3/rtl/arca_ot_keccak_round.sv
file	src/sha3/rtl/ot_sha3.sv	src/sha3/rtl/arca_ot_sha3.sv
file	src/sha3/rtl/ot_sha3_pkg.sv	src/sha3/rtl/arca_ot_sha3_pkg.sv
file	src/sha3/rtl/ot_sha3pad.sv	src/sha3/rtl/arca_ot_sha3pad.sv
file	src/sha3/rtl/sha3_ctrl.sv	src/sha3/rtl/arca_sha3_ctrl.sv
file	src/sha3/rtl/sha3_param_pkg.sv	src/sha3/rtl/arca_sha3_param_pkg.sv
file	src/sha3/rtl/sha3_reg.sv	src/sha3/rtl/arca_sha3_reg.sv
file	src/sha3/rtl/sha3_reg_pkg.sv	src/sha3/rtl/arca_sha3_reg_pkg.sv
