# Tessera identifier rename map for block 'sha3' (prefix: tessera_)
macro	SHA3_PARAM_PKG	TESSERA_SHA3_PARAM_PKG
module	kmac	tessera_kmac
module	kmac_app	tessera_kmac_app
module	kmac_core	tessera_kmac_core
module	kmac_entropy	tessera_kmac_entropy
module	kmac_errchk	tessera_kmac_errchk
module	kmac_msgfifo	tessera_kmac_msgfifo
module	kmac_reg_top	tessera_kmac_reg_top
module	kmac_staterd	tessera_kmac_staterd
module	ot_keccak_2share	tessera_ot_keccak_2share
module	ot_keccak_round	tessera_ot_keccak_round
module	ot_sha3	tessera_ot_sha3
module	ot_sha3pad	tessera_ot_sha3pad
module	sha3_ctrl	tessera_sha3_ctrl
module	sha3_reg	tessera_sha3_reg
package	kmac_pkg	tessera_kmac_pkg
package	kmac_reg_pkg	tessera_kmac_reg_pkg
package	ot_sha3_pkg	tessera_ot_sha3_pkg
package	sha3_param_pkg	tessera_sha3_param_pkg
package	sha3_reg_pkg	tessera_sha3_reg_pkg
file	src/sha3/rtl/kmac.sv	src/sha3/rtl/tessera_kmac.sv
file	src/sha3/rtl/kmac_app.sv	src/sha3/rtl/tessera_kmac_app.sv
file	src/sha3/rtl/kmac_core.sv	src/sha3/rtl/tessera_kmac_core.sv
file	src/sha3/rtl/kmac_entropy.sv	src/sha3/rtl/tessera_kmac_entropy.sv
file	src/sha3/rtl/kmac_errchk.sv	src/sha3/rtl/tessera_kmac_errchk.sv
file	src/sha3/rtl/kmac_msgfifo.sv	src/sha3/rtl/tessera_kmac_msgfifo.sv
file	src/sha3/rtl/kmac_pkg.sv	src/sha3/rtl/tessera_kmac_pkg.sv
file	src/sha3/rtl/kmac_reg_pkg.sv	src/sha3/rtl/tessera_kmac_reg_pkg.sv
file	src/sha3/rtl/kmac_reg_top.sv	src/sha3/rtl/tessera_kmac_reg_top.sv
file	src/sha3/rtl/kmac_staterd.sv	src/sha3/rtl/tessera_kmac_staterd.sv
file	src/sha3/rtl/ot_keccak_2share.sv	src/sha3/rtl/tessera_ot_keccak_2share.sv
file	src/sha3/rtl/ot_keccak_round.sv	src/sha3/rtl/tessera_ot_keccak_round.sv
file	src/sha3/rtl/ot_sha3.sv	src/sha3/rtl/tessera_ot_sha3.sv
file	src/sha3/rtl/ot_sha3_pkg.sv	src/sha3/rtl/tessera_ot_sha3_pkg.sv
file	src/sha3/rtl/ot_sha3pad.sv	src/sha3/rtl/tessera_ot_sha3pad.sv
file	src/sha3/rtl/sha3_ctrl.sv	src/sha3/rtl/tessera_sha3_ctrl.sv
file	src/sha3/rtl/sha3_param_pkg.sv	src/sha3/rtl/tessera_sha3_param_pkg.sv
file	src/sha3/rtl/sha3_reg.sv	src/sha3/rtl/tessera_sha3_reg.sv
file	src/sha3/rtl/sha3_reg_pkg.sv	src/sha3/rtl/tessera_sha3_reg_pkg.sv
