# Tessera identifier rename map for block 'mldsa_mlkem_all_levels' (prefix: tessera_)
interface	abr_mem_if	tessera_abr_mem_if
interface	abr_sram_be_if	tessera_abr_sram_be_if
interface	abr_sram_if	tessera_abr_sram_if
macro	ABR_AHB_DEFINES_PKG	TESSERA_ABR_AHB_DEFINES_PKG
macro	ABR_ASSERT	TESSERA_ABR_ASSERT
macro	ABR_ASSERT_DEFAULT_CLK	TESSERA_ABR_ASSERT_DEFAULT_CLK
macro	ABR_ASSERT_DEFAULT_RST	TESSERA_ABR_ASSERT_DEFAULT_RST
macro	ABR_ASSERT_ERROR	TESSERA_ABR_ASSERT_ERROR
macro	ABR_ASSERT_ERROR_TRIGGER_ALERT	TESSERA_ABR_ASSERT_ERROR_TRIGGER_ALERT
macro	ABR_ASSERT_ERROR_TRIGGER_ERR	TESSERA_ABR_ASSERT_ERROR_TRIGGER_ERR
macro	ABR_ASSERT_FINAL	TESSERA_ABR_ASSERT_FINAL
macro	ABR_ASSERT_FPV_LINEAR_FSM	TESSERA_ABR_ASSERT_FPV_LINEAR_FSM
macro	ABR_ASSERT_I	TESSERA_ABR_ASSERT_I
macro	ABR_ASSERT_IF	TESSERA_ABR_ASSERT_IF
macro	ABR_ASSERT_INIT	TESSERA_ABR_ASSERT_INIT
macro	ABR_ASSERT_INIT_NET	TESSERA_ABR_ASSERT_INIT_NET
macro	ABR_ASSERT_KNOWN	TESSERA_ABR_ASSERT_KNOWN
macro	ABR_ASSERT_KNOWN_IF	TESSERA_ABR_ASSERT_KNOWN_IF
macro	ABR_ASSERT_MUTEX	TESSERA_ABR_ASSERT_MUTEX
macro	ABR_ASSERT_NEVER	TESSERA_ABR_ASSERT_NEVER
macro	ABR_ASSERT_PRIM_COUNT_ERROR_TRIGGER_ALERT	TESSERA_ABR_ASSERT_PRIM_COUNT_ERROR_TRIGGER_ALERT
macro	ABR_ASSERT_PRIM_DOUBLE_LFSR_ERROR_TRIGGER_ALERT	TESSERA_ABR_ASSERT_PRIM_DOUBLE_LFSR_ERROR_TRIGGER_ALERT
macro	ABR_ASSERT_PRIM_FSM_ERROR_TRIGGER_ALERT	TESSERA_ABR_ASSERT_PRIM_FSM_ERROR_TRIGGER_ALERT
macro	ABR_ASSERT_PRIM_ONEHOT_ERROR_TRIGGER_ALERT	TESSERA_ABR_ASSERT_PRIM_ONEHOT_ERROR_TRIGGER_ALERT
macro	ABR_ASSERT_PRIM_REG_WE_ONEHOT_ERROR_TRIGGER_ALERT	TESSERA_ABR_ASSERT_PRIM_REG_WE_ONEHOT_ERROR_TRIGGER_ALERT
macro	ABR_ASSERT_PULSE	TESSERA_ABR_ASSERT_PULSE
macro	ABR_ASSERT_RPT	TESSERA_ABR_ASSERT_RPT
macro	ABR_ASSERT_STABLE	TESSERA_ABR_ASSERT_STABLE
macro	ABR_ASSERT_STATIC_IN_PACKAGE	TESSERA_ABR_ASSERT_STATIC_IN_PACKAGE
macro	ABR_ASSERT_STATIC_LINT_ERROR	TESSERA_ABR_ASSERT_STATIC_LINT_ERROR
macro	ABR_ASSUME	TESSERA_ABR_ASSUME
macro	ABR_ASSUME_FPV	TESSERA_ABR_ASSUME_FPV
macro	ABR_ASSUME_I	TESSERA_ABR_ASSUME_I
macro	ABR_ASSUME_I_FPV	TESSERA_ABR_ASSUME_I_FPV
macro	ABR_CFG_SV	TESSERA_ABR_CFG_SV
macro	ABR_COVER	TESSERA_ABR_COVER
macro	ABR_COVER_FPV	TESSERA_ABR_COVER_FPV
macro	ABR_CTRL_PKG	TESSERA_ABR_CTRL_PKG
macro	ABR_ICG	TESSERA_ABR_ICG
macro	ABR_INC_ASSERT	TESSERA_ABR_INC_ASSERT
macro	ABR_MACROS	TESSERA_ABR_MACROS
macro	ABR_MEM	TESSERA_ABR_MEM
macro	ABR_MEM_BE	TESSERA_ABR_MEM_BE
macro	ABR_MEM_BE_IF_REQ_PORTS	TESSERA_ABR_MEM_BE_IF_REQ_PORTS
macro	ABR_MEM_BE_IF_RESP_PORTS	TESSERA_ABR_MEM_BE_IF_RESP_PORTS
macro	ABR_MEM_BE_IF_SIGNALS	TESSERA_ABR_MEM_BE_IF_SIGNALS
macro	ABR_MEM_IF_REQ_PORTS	TESSERA_ABR_MEM_IF_REQ_PORTS
macro	ABR_MEM_IF_RESP_PORTS	TESSERA_ABR_MEM_IF_RESP_PORTS
macro	ABR_MEM_IF_SIGNALS	TESSERA_ABR_MEM_IF_SIGNALS
macro	ABR_NORM_CHECK_DEFINES	TESSERA_ABR_NORM_CHECK_DEFINES
macro	ABR_PARAMS_PKG	TESSERA_ABR_PARAMS_PKG
macro	ABR_PRIM_ASSERT_SEC_CM_SVH	TESSERA_ABR_PRIM_ASSERT_SEC_CM_SVH
macro	ABR_PRIM_ASSERT_SV	TESSERA_ABR_PRIM_ASSERT_SV
macro	ABR_PRIM_DEFAULT_IMPL	TESSERA_ABR_PRIM_DEFAULT_IMPL
macro	ABR_PRIM_FLOP_A	TESSERA_ABR_PRIM_FLOP_A
macro	ABR_PRIM_FLOP_CLK	TESSERA_ABR_PRIM_FLOP_CLK
macro	ABR_PRIM_FLOP_MACROS_SV	TESSERA_ABR_PRIM_FLOP_MACROS_SV
macro	ABR_PRIM_FLOP_RESVAL	TESSERA_ABR_PRIM_FLOP_RESVAL
macro	ABR_PRIM_FLOP_RST	TESSERA_ABR_PRIM_FLOP_RST
macro	ABR_PRIM_FLOP_SPARSE_FSM	TESSERA_ABR_PRIM_FLOP_SPARSE_FSM
macro	ABR_PRIM_STRINGIFY	TESSERA_ABR_PRIM_STRINGIFY
macro	ABR_SAMPLER_PKG	TESSERA_ABR_SAMPLER_PKG
macro	ABR_SIB_PKG	TESSERA_ABR_SIB_PKG
macro	ABR_SKDECODE_DEFINES	TESSERA_ABR_SKDECODE_DEFINES
macro	ABR_STRINGIFY	TESSERA_ABR_STRINGIFY
macro	ABR_SVA	TESSERA_ABR_SVA
macro	CALIPTRA_KV_RD_TIEOFF	TESSERA_CALIPTRA_KV_RD_TIEOFF
macro	CALIPTRA_KV_WR_TIEOFF	TESSERA_CALIPTRA_KV_WR_TIEOFF
macro	MLDSA_DECOMPOSE_DEFINES	TESSERA_MLDSA_DECOMPOSE_DEFINES
macro	MLDSA_MAKEHINT_DEFINES	TESSERA_MLDSA_MAKEHINT_DEFINES
macro	MLDSA_NTT_DEFINES	TESSERA_MLDSA_NTT_DEFINES
macro	MLDSA_POWER2ROUND_DEFINES	TESSERA_MLDSA_POWER2ROUND_DEFINES
macro	MLDSA_SIGDECODE_H_DEFINES	TESSERA_MLDSA_SIGDECODE_H_DEFINES
macro	MLDSA_SIGDECODE_Z_DEFINES	TESSERA_MLDSA_SIGDECODE_Z_DEFINES
macro	MLDSA_SIGENCODE_Z_DEFINES	TESSERA_MLDSA_SIGENCODE_Z_DEFINES
macro	MLKEM_COMPRESS_DEFINES	TESSERA_MLKEM_COMPRESS_DEFINES
macro	MLKEM_DECOMPRESS_DEFINES	TESSERA_MLKEM_DECOMPRESS_DEFINES
macro	_ABR_SEC_CM_ALERT_MAX_CYC	TESSERA__ABR_SEC_CM_ALERT_MAX_CYC
module	abr_1r1w_512x4_ram	tessera_abr_1r1w_512x4_ram
module	abr_1r1w_be_ram	tessera_abr_1r1w_be_ram
module	abr_1r1w_ram	tessera_abr_1r1w_ram
module	abr_2ff_sync	tessera_abr_2ff_sync
module	abr_add_sub_mod	tessera_abr_add_sub_mod
module	abr_adder	tessera_abr_adder
module	abr_ahb_slv_sif	tessera_abr_ahb_slv_sif
module	abr_ctrl	tessera_abr_ctrl
module	abr_keccak_2share	tessera_abr_keccak_2share
module	abr_keccak_round	tessera_abr_keccak_round
module	abr_mem_top	tessera_abr_mem_top
module	abr_msg_buffer	tessera_abr_msg_buffer
module	abr_ntt_add_sub_mod	tessera_abr_ntt_add_sub_mod
module	abr_piso	tessera_abr_piso
module	abr_piso_multi	tessera_abr_piso_multi
module	abr_prim_alert_receiver	tessera_abr_prim_alert_receiver
module	abr_prim_alert_sender	tessera_abr_prim_alert_sender
module	abr_prim_arbiter_ppc	tessera_abr_prim_arbiter_ppc
module	abr_prim_buf	tessera_abr_prim_buf
module	abr_prim_cdc_rand_delay	tessera_abr_prim_cdc_rand_delay
module	abr_prim_count	tessera_abr_prim_count
module	abr_prim_diff_decode	tessera_abr_prim_diff_decode
module	abr_prim_dom_and_2share	tessera_abr_prim_dom_and_2share
module	abr_prim_edge_detector	tessera_abr_prim_edge_detector
module	abr_prim_fifo_sync	tessera_abr_prim_fifo_sync
module	abr_prim_fifo_sync_cnt	tessera_abr_prim_fifo_sync_cnt
module	abr_prim_flop	tessera_abr_prim_flop
module	abr_prim_flop_2sync	tessera_abr_prim_flop_2sync
module	abr_prim_flop_en	tessera_abr_prim_flop_en
module	abr_prim_generic_buf	tessera_abr_prim_generic_buf
module	abr_prim_generic_flop	tessera_abr_prim_generic_flop
module	abr_prim_generic_flop_en	tessera_abr_prim_generic_flop_en
module	abr_prim_generic_xor2	tessera_abr_prim_generic_xor2
module	abr_prim_intr_hw	tessera_abr_prim_intr_hw
module	abr_prim_lc_sync	tessera_abr_prim_lc_sync
module	abr_prim_lfsr	tessera_abr_prim_lfsr
module	abr_prim_max_tree	tessera_abr_prim_max_tree
module	abr_prim_mubi4_sync	tessera_abr_prim_mubi4_sync
module	abr_prim_mubi8_sync	tessera_abr_prim_mubi8_sync
module	abr_prim_onehot_check	tessera_abr_prim_onehot_check
module	abr_prim_packer_fifo	tessera_abr_prim_packer_fifo
module	abr_prim_reg_we_check	tessera_abr_prim_reg_we_check
module	abr_prim_sec_anchor_buf	tessera_abr_prim_sec_anchor_buf
module	abr_prim_sec_anchor_flop	tessera_abr_prim_sec_anchor_flop
module	abr_prim_slicer	tessera_abr_prim_slicer
module	abr_prim_sparse_fsm_flop	tessera_abr_prim_sparse_fsm_flop
module	abr_prim_subreg	tessera_abr_prim_subreg
module	abr_prim_subreg_arb	tessera_abr_prim_subreg_arb
module	abr_prim_subreg_ext	tessera_abr_prim_subreg_ext
module	abr_prim_sum_tree	tessera_abr_prim_sum_tree
module	abr_ram_regout	tessera_abr_ram_regout
module	abr_rd_lat_buffer	tessera_abr_rd_lat_buffer
module	abr_recombiner	tessera_abr_recombiner
module	abr_reg	tessera_abr_reg
module	abr_sample_buffer	tessera_abr_sample_buffer
module	abr_sampler_top	tessera_abr_sampler_top
module	abr_seq	tessera_abr_seq
module	abr_sha3	tessera_abr_sha3
module	abr_sha3pad	tessera_abr_sha3pad
module	abr_splitter	tessera_abr_splitter
module	abr_top	tessera_abr_top
module	barrett_reduction	tessera_barrett_reduction
module	bytewrite_tdp_ram_rf	tessera_bytewrite_tdp_ram_rf
module	cbd_sampler	tessera_cbd_sampler
module	cbd_sampler_ctrl	tessera_cbd_sampler_ctrl
module	compress	tessera_compress
module	compress_ctrl	tessera_compress_ctrl
module	compress_top	tessera_compress_top
module	decompose	tessera_decompose
module	decompose_ctrl	tessera_decompose_ctrl
module	decompose_mod_2gamma2	tessera_decompose_mod_2gamma2
module	decompose_r1_lut	tessera_decompose_r1_lut
module	decompose_usehint	tessera_decompose_usehint
module	decompose_w1_encode	tessera_decompose_w1_encode
module	decompose_w1_mem	tessera_decompose_w1_mem
module	decompress	tessera_decompress
module	decompress_ctrl	tessera_decompress_ctrl
module	decompress_top	tessera_decompress_top
module	exp_mask	tessera_exp_mask
module	exp_mask_ctrl	tessera_exp_mask_ctrl
module	hintgen	tessera_hintgen
module	makehint	tessera_makehint
module	norm_check	tessera_norm_check
module	norm_check_ctrl	tessera_norm_check_ctrl
module	norm_check_top	tessera_norm_check_top
module	ntt_buffer	tessera_ntt_buffer
module	ntt_butterfly	tessera_ntt_butterfly
module	ntt_ctrl	tessera_ntt_ctrl
module	ntt_div2	tessera_ntt_div2
module	ntt_hybrid_butterfly_2x2	tessera_ntt_hybrid_butterfly_2x2
module	ntt_karatsuba_pairwm	tessera_ntt_karatsuba_pairwm
module	ntt_mult_dsp	tessera_ntt_mult_dsp
module	ntt_shuffle_buffer	tessera_ntt_shuffle_buffer
module	ntt_top	tessera_ntt_top
module	ntt_twiddle_lookup	tessera_ntt_twiddle_lookup
module	pkdecode	tessera_pkdecode
module	power2round_core	tessera_power2round_core
module	power2round_ctrl	tessera_power2round_ctrl
module	power2round_skencode	tessera_power2round_skencode
module	power2round_top	tessera_power2round_top
module	rej_bounded2	tessera_rej_bounded2
module	rej_bounded_ctrl	tessera_rej_bounded_ctrl
module	rej_sampler	tessera_rej_sampler
module	rej_sampler_ctrl	tessera_rej_sampler_ctrl
module	sample_in_ball	tessera_sample_in_ball
module	sample_in_ball_ctrl	tessera_sample_in_ball_ctrl
module	sample_in_ball_shuffler	tessera_sample_in_ball_shuffler
module	sib_mem	tessera_sib_mem
module	sigdecode_h	tessera_sigdecode_h
module	sigdecode_h_ctrl	tessera_sigdecode_h_ctrl
module	sigdecode_z_top	tessera_sigdecode_z_top
module	sigdecode_z_unit	tessera_sigdecode_z_unit
module	sigencode_z_top	tessera_sigencode_z_top
module	sigencode_z_unit	tessera_sigencode_z_unit
module	skdecode_ctrl	tessera_skdecode_ctrl
module	skdecode_s1s2_unpack	tessera_skdecode_s1s2_unpack
module	skdecode_t0_unpack	tessera_skdecode_t0_unpack
module	skdecode_top	tessera_skdecode_top
module	skencode	tessera_skencode
package	abr_ahb_defines_pkg	tessera_abr_ahb_defines_pkg
package	abr_ctrl_pkg	tessera_abr_ctrl_pkg
package	abr_params_pkg	tessera_abr_params_pkg
package	abr_prim_alert_pkg	tessera_abr_prim_alert_pkg
package	abr_prim_cipher_pkg	tessera_abr_prim_cipher_pkg
package	abr_prim_mubi_pkg	tessera_abr_prim_mubi_pkg
package	abr_prim_pkg	tessera_abr_prim_pkg
package	abr_prim_sparse_fsm_pkg	tessera_abr_prim_sparse_fsm_pkg
package	abr_prim_subreg_pkg	tessera_abr_prim_subreg_pkg
package	abr_prim_util_pkg	tessera_abr_prim_util_pkg
package	abr_reg_pkg	tessera_abr_reg_pkg
package	abr_sampler_pkg	tessera_abr_sampler_pkg
package	abr_sha3_pkg	tessera_abr_sha3_pkg
package	compress_defines_pkg	tessera_compress_defines_pkg
package	decompose_defines_pkg	tessera_decompose_defines_pkg
package	decompress_defines_pkg	tessera_decompress_defines_pkg
package	makehint_defines_pkg	tessera_makehint_defines_pkg
package	norm_check_defines_pkg	tessera_norm_check_defines_pkg
package	ntt_defines_pkg	tessera_ntt_defines_pkg
package	power2round_defines_pkg	tessera_power2round_defines_pkg
package	sib_pkg	tessera_sib_pkg
package	sigdecode_h_defines_pkg	tessera_sigdecode_h_defines_pkg
package	sigdecode_z_defines_pkg	tessera_sigdecode_z_defines_pkg
package	sigencode_z_defines_pkg	tessera_sigencode_z_defines_pkg
package	skdecode_defines_pkg	tessera_skdecode_defines_pkg
file	src/MLDSA_MLKEM_ALL_LEVELS/abr_libs/rtl/abr_1r1w_512x4_ram.sv	src/MLDSA_MLKEM_ALL_LEVELS/abr_libs/rtl/tessera_abr_1r1w_512x4_ram.sv
file	src/MLDSA_MLKEM_ALL_LEVELS/abr_libs/rtl/abr_1r1w_be_ram.sv	src/MLDSA_MLKEM_ALL_LEVELS/abr_libs/rtl/tessera_abr_1r1w_be_ram.sv
file	src/MLDSA_MLKEM_ALL_LEVELS/abr_libs/rtl/abr_1r1w_ram.sv	src/MLDSA_MLKEM_ALL_LEVELS/abr_libs/rtl/tessera_abr_1r1w_ram.sv
file	src/MLDSA_MLKEM_ALL_LEVELS/abr_libs/rtl/abr_2ff_sync.sv	src/MLDSA_MLKEM_ALL_LEVELS/abr_libs/rtl/tessera_abr_2ff_sync.sv
file	src/MLDSA_MLKEM_ALL_LEVELS/abr_libs/rtl/abr_add_sub_mod.sv	src/MLDSA_MLKEM_ALL_LEVELS/abr_libs/rtl/tessera_abr_add_sub_mod.sv
file	src/MLDSA_MLKEM_ALL_LEVELS/abr_libs/rtl/abr_adder.sv	src/MLDSA_MLKEM_ALL_LEVELS/abr_libs/rtl/tessera_abr_adder.sv
file	src/MLDSA_MLKEM_ALL_LEVELS/abr_libs/rtl/abr_ahb_defines_pkg.sv	src/MLDSA_MLKEM_ALL_LEVELS/abr_libs/rtl/tessera_abr_ahb_defines_pkg.sv
file	src/MLDSA_MLKEM_ALL_LEVELS/abr_libs/rtl/abr_ahb_slv_sif.sv	src/MLDSA_MLKEM_ALL_LEVELS/abr_libs/rtl/tessera_abr_ahb_slv_sif.sv
file	src/MLDSA_MLKEM_ALL_LEVELS/abr_libs/rtl/abr_icg.sv	src/MLDSA_MLKEM_ALL_LEVELS/abr_libs/rtl/tessera_abr_icg.sv
file	src/MLDSA_MLKEM_ALL_LEVELS/abr_libs/rtl/abr_macros.svh	src/MLDSA_MLKEM_ALL_LEVELS/abr_libs/rtl/tessera_abr_macros.svh
file	src/MLDSA_MLKEM_ALL_LEVELS/abr_libs/rtl/abr_msg_buffer.sv	src/MLDSA_MLKEM_ALL_LEVELS/abr_libs/rtl/tessera_abr_msg_buffer.sv
file	src/MLDSA_MLKEM_ALL_LEVELS/abr_libs/rtl/abr_ntt_add_sub_mod.sv	src/MLDSA_MLKEM_ALL_LEVELS/abr_libs/rtl/tessera_abr_ntt_add_sub_mod.sv
file	src/MLDSA_MLKEM_ALL_LEVELS/abr_libs/rtl/abr_piso.sv	src/MLDSA_MLKEM_ALL_LEVELS/abr_libs/rtl/tessera_abr_piso.sv
file	src/MLDSA_MLKEM_ALL_LEVELS/abr_libs/rtl/abr_piso_multi.sv	src/MLDSA_MLKEM_ALL_LEVELS/abr_libs/rtl/tessera_abr_piso_multi.sv
file	src/MLDSA_MLKEM_ALL_LEVELS/abr_libs/rtl/abr_ram_regout.sv	src/MLDSA_MLKEM_ALL_LEVELS/abr_libs/rtl/tessera_abr_ram_regout.sv
file	src/MLDSA_MLKEM_ALL_LEVELS/abr_libs/rtl/abr_rd_lat_buffer.sv	src/MLDSA_MLKEM_ALL_LEVELS/abr_libs/rtl/tessera_abr_rd_lat_buffer.sv
file	src/MLDSA_MLKEM_ALL_LEVELS/abr_libs/rtl/abr_recombiner.sv	src/MLDSA_MLKEM_ALL_LEVELS/abr_libs/rtl/tessera_abr_recombiner.sv
file	src/MLDSA_MLKEM_ALL_LEVELS/abr_libs/rtl/abr_sample_buffer.sv	src/MLDSA_MLKEM_ALL_LEVELS/abr_libs/rtl/tessera_abr_sample_buffer.sv
file	src/MLDSA_MLKEM_ALL_LEVELS/abr_libs/rtl/abr_splitter.sv	src/MLDSA_MLKEM_ALL_LEVELS/abr_libs/rtl/tessera_abr_splitter.sv
file	src/MLDSA_MLKEM_ALL_LEVELS/abr_prim/rtl/abr_prim_alert_pkg.sv	src/MLDSA_MLKEM_ALL_LEVELS/abr_prim/rtl/tessera_abr_prim_alert_pkg.sv
file	src/MLDSA_MLKEM_ALL_LEVELS/abr_prim/rtl/abr_prim_alert_receiver.sv	src/MLDSA_MLKEM_ALL_LEVELS/abr_prim/rtl/tessera_abr_prim_alert_receiver.sv
file	src/MLDSA_MLKEM_ALL_LEVELS/abr_prim/rtl/abr_prim_alert_sender.sv	src/MLDSA_MLKEM_ALL_LEVELS/abr_prim/rtl/tessera_abr_prim_alert_sender.sv
file	src/MLDSA_MLKEM_ALL_LEVELS/abr_prim/rtl/abr_prim_arbiter_ppc.sv	src/MLDSA_MLKEM_ALL_LEVELS/abr_prim/rtl/tessera_abr_prim_arbiter_ppc.sv
file	src/MLDSA_MLKEM_ALL_LEVELS/abr_prim/rtl/abr_prim_assert.sv	src/MLDSA_MLKEM_ALL_LEVELS/abr_prim/rtl/tessera_abr_prim_assert.sv
file	src/MLDSA_MLKEM_ALL_LEVELS/abr_prim/rtl/abr_prim_assert_dummy_macros.svh	src/MLDSA_MLKEM_ALL_LEVELS/abr_prim/rtl/tessera_abr_prim_assert_dummy_macros.svh
file	src/MLDSA_MLKEM_ALL_LEVELS/abr_prim/rtl/abr_prim_assert_sec_cm.svh	src/MLDSA_MLKEM_ALL_LEVELS/abr_prim/rtl/tessera_abr_prim_assert_sec_cm.svh
file	src/MLDSA_MLKEM_ALL_LEVELS/abr_prim/rtl/abr_prim_assert_standard_macros.svh	src/MLDSA_MLKEM_ALL_LEVELS/abr_prim/rtl/tessera_abr_prim_assert_standard_macros.svh
file	src/MLDSA_MLKEM_ALL_LEVELS/abr_prim/rtl/abr_prim_assert_yosys_macros.svh	src/MLDSA_MLKEM_ALL_LEVELS/abr_prim/rtl/tessera_abr_prim_assert_yosys_macros.svh
file	src/MLDSA_MLKEM_ALL_LEVELS/abr_prim/rtl/abr_prim_buf.sv	src/MLDSA_MLKEM_ALL_LEVELS/abr_prim/rtl/tessera_abr_prim_buf.sv
file	src/MLDSA_MLKEM_ALL_LEVELS/abr_prim/rtl/abr_prim_cdc_rand_delay.sv	src/MLDSA_MLKEM_ALL_LEVELS/abr_prim/rtl/tessera_abr_prim_cdc_rand_delay.sv
file	src/MLDSA_MLKEM_ALL_LEVELS/abr_prim/rtl/abr_prim_cipher_pkg.sv	src/MLDSA_MLKEM_ALL_LEVELS/abr_prim/rtl/tessera_abr_prim_cipher_pkg.sv
file	src/MLDSA_MLKEM_ALL_LEVELS/abr_prim/rtl/abr_prim_count.sv	src/MLDSA_MLKEM_ALL_LEVELS/abr_prim/rtl/tessera_abr_prim_count.sv
file	src/MLDSA_MLKEM_ALL_LEVELS/abr_prim/rtl/abr_prim_diff_decode.sv	src/MLDSA_MLKEM_ALL_LEVELS/abr_prim/rtl/tessera_abr_prim_diff_decode.sv
file	src/MLDSA_MLKEM_ALL_LEVELS/abr_prim/rtl/abr_prim_dom_and_2share.sv	src/MLDSA_MLKEM_ALL_LEVELS/abr_prim/rtl/tessera_abr_prim_dom_and_2share.sv
file	src/MLDSA_MLKEM_ALL_LEVELS/abr_prim/rtl/abr_prim_edge_detector.sv	src/MLDSA_MLKEM_ALL_LEVELS/abr_prim/rtl/tessera_abr_prim_edge_detector.sv
file	src/MLDSA_MLKEM_ALL_LEVELS/abr_prim/rtl/abr_prim_fifo_sync.sv	src/MLDSA_MLKEM_ALL_LEVELS/abr_prim/rtl/tessera_abr_prim_fifo_sync.sv
file	src/MLDSA_MLKEM_ALL_LEVELS/abr_prim/rtl/abr_prim_fifo_sync_cnt.sv	src/MLDSA_MLKEM_ALL_LEVELS/abr_prim/rtl/tessera_abr_prim_fifo_sync_cnt.sv
file	src/MLDSA_MLKEM_ALL_LEVELS/abr_prim/rtl/abr_prim_flop.sv	src/MLDSA_MLKEM_ALL_LEVELS/abr_prim/rtl/tessera_abr_prim_flop.sv
file	src/MLDSA_MLKEM_ALL_LEVELS/abr_prim/rtl/abr_prim_flop_2sync.sv	src/MLDSA_MLKEM_ALL_LEVELS/abr_prim/rtl/tessera_abr_prim_flop_2sync.sv
file	src/MLDSA_MLKEM_ALL_LEVELS/abr_prim/rtl/abr_prim_flop_en.sv	src/MLDSA_MLKEM_ALL_LEVELS/abr_prim/rtl/tessera_abr_prim_flop_en.sv
file	src/MLDSA_MLKEM_ALL_LEVELS/abr_prim/rtl/abr_prim_flop_macros.sv	src/MLDSA_MLKEM_ALL_LEVELS/abr_prim/rtl/tessera_abr_prim_flop_macros.sv
file	src/MLDSA_MLKEM_ALL_LEVELS/abr_prim/rtl/abr_prim_intr_hw.sv	src/MLDSA_MLKEM_ALL_LEVELS/abr_prim/rtl/tessera_abr_prim_intr_hw.sv
file	src/MLDSA_MLKEM_ALL_LEVELS/abr_prim/rtl/abr_prim_lc_sync.sv	src/MLDSA_MLKEM_ALL_LEVELS/abr_prim/rtl/tessera_abr_prim_lc_sync.sv
file	src/MLDSA_MLKEM_ALL_LEVELS/abr_prim/rtl/abr_prim_lfsr.sv	src/MLDSA_MLKEM_ALL_LEVELS/abr_prim/rtl/tessera_abr_prim_lfsr.sv
file	src/MLDSA_MLKEM_ALL_LEVELS/abr_prim/rtl/abr_prim_max_tree.sv	src/MLDSA_MLKEM_ALL_LEVELS/abr_prim/rtl/tessera_abr_prim_max_tree.sv
file	src/MLDSA_MLKEM_ALL_LEVELS/abr_prim/rtl/abr_prim_mubi4_sync.sv	src/MLDSA_MLKEM_ALL_LEVELS/abr_prim/rtl/tessera_abr_prim_mubi4_sync.sv
file	src/MLDSA_MLKEM_ALL_LEVELS/abr_prim/rtl/abr_prim_mubi8_sync.sv	src/MLDSA_MLKEM_ALL_LEVELS/abr_prim/rtl/tessera_abr_prim_mubi8_sync.sv
file	src/MLDSA_MLKEM_ALL_LEVELS/abr_prim/rtl/abr_prim_mubi_pkg.sv	src/MLDSA_MLKEM_ALL_LEVELS/abr_prim/rtl/tessera_abr_prim_mubi_pkg.sv
file	src/MLDSA_MLKEM_ALL_LEVELS/abr_prim/rtl/abr_prim_onehot_check.sv	src/MLDSA_MLKEM_ALL_LEVELS/abr_prim/rtl/tessera_abr_prim_onehot_check.sv
file	src/MLDSA_MLKEM_ALL_LEVELS/abr_prim/rtl/abr_prim_packer_fifo.sv	src/MLDSA_MLKEM_ALL_LEVELS/abr_prim/rtl/tessera_abr_prim_packer_fifo.sv
file	src/MLDSA_MLKEM_ALL_LEVELS/abr_prim/rtl/abr_prim_pkg.sv	src/MLDSA_MLKEM_ALL_LEVELS/abr_prim/rtl/tessera_abr_prim_pkg.sv
file	src/MLDSA_MLKEM_ALL_LEVELS/abr_prim/rtl/abr_prim_reg_we_check.sv	src/MLDSA_MLKEM_ALL_LEVELS/abr_prim/rtl/tessera_abr_prim_reg_we_check.sv
file	src/MLDSA_MLKEM_ALL_LEVELS/abr_prim/rtl/abr_prim_sec_anchor_buf.sv	src/MLDSA_MLKEM_ALL_LEVELS/abr_prim/rtl/tessera_abr_prim_sec_anchor_buf.sv
file	src/MLDSA_MLKEM_ALL_LEVELS/abr_prim/rtl/abr_prim_sec_anchor_flop.sv	src/MLDSA_MLKEM_ALL_LEVELS/abr_prim/rtl/tessera_abr_prim_sec_anchor_flop.sv
file	src/MLDSA_MLKEM_ALL_LEVELS/abr_prim/rtl/abr_prim_slicer.sv	src/MLDSA_MLKEM_ALL_LEVELS/abr_prim/rtl/tessera_abr_prim_slicer.sv
file	src/MLDSA_MLKEM_ALL_LEVELS/abr_prim/rtl/abr_prim_sparse_fsm_flop.sv	src/MLDSA_MLKEM_ALL_LEVELS/abr_prim/rtl/tessera_abr_prim_sparse_fsm_flop.sv
file	src/MLDSA_MLKEM_ALL_LEVELS/abr_prim/rtl/abr_prim_sparse_fsm_pkg.sv	src/MLDSA_MLKEM_ALL_LEVELS/abr_prim/rtl/tessera_abr_prim_sparse_fsm_pkg.sv
file	src/MLDSA_MLKEM_ALL_LEVELS/abr_prim/rtl/abr_prim_subreg.sv	src/MLDSA_MLKEM_ALL_LEVELS/abr_prim/rtl/tessera_abr_prim_subreg.sv
file	src/MLDSA_MLKEM_ALL_LEVELS/abr_prim/rtl/abr_prim_subreg_arb.sv	src/MLDSA_MLKEM_ALL_LEVELS/abr_prim/rtl/tessera_abr_prim_subreg_arb.sv
file	src/MLDSA_MLKEM_ALL_LEVELS/abr_prim/rtl/abr_prim_subreg_ext.sv	src/MLDSA_MLKEM_ALL_LEVELS/abr_prim/rtl/tessera_abr_prim_subreg_ext.sv
file	src/MLDSA_MLKEM_ALL_LEVELS/abr_prim/rtl/abr_prim_subreg_pkg.sv	src/MLDSA_MLKEM_ALL_LEVELS/abr_prim/rtl/tessera_abr_prim_subreg_pkg.sv
file	src/MLDSA_MLKEM_ALL_LEVELS/abr_prim/rtl/abr_prim_sum_tree.sv	src/MLDSA_MLKEM_ALL_LEVELS/abr_prim/rtl/tessera_abr_prim_sum_tree.sv
file	src/MLDSA_MLKEM_ALL_LEVELS/abr_prim/rtl/abr_prim_util_pkg.sv	src/MLDSA_MLKEM_ALL_LEVELS/abr_prim/rtl/tessera_abr_prim_util_pkg.sv
file	src/MLDSA_MLKEM_ALL_LEVELS/abr_prim_generic/rtl/abr_prim_generic_buf.sv	src/MLDSA_MLKEM_ALL_LEVELS/abr_prim_generic/rtl/tessera_abr_prim_generic_buf.sv
file	src/MLDSA_MLKEM_ALL_LEVELS/abr_prim_generic/rtl/abr_prim_generic_flop.sv	src/MLDSA_MLKEM_ALL_LEVELS/abr_prim_generic/rtl/tessera_abr_prim_generic_flop.sv
file	src/MLDSA_MLKEM_ALL_LEVELS/abr_prim_generic/rtl/abr_prim_generic_flop_en.sv	src/MLDSA_MLKEM_ALL_LEVELS/abr_prim_generic/rtl/tessera_abr_prim_generic_flop_en.sv
file	src/MLDSA_MLKEM_ALL_LEVELS/abr_prim_generic/rtl/abr_prim_generic_xor2.sv	src/MLDSA_MLKEM_ALL_LEVELS/abr_prim_generic/rtl/tessera_abr_prim_generic_xor2.sv
file	src/MLDSA_MLKEM_ALL_LEVELS/abr_sampler_top/rtl/abr_sampler_pkg.sv	src/MLDSA_MLKEM_ALL_LEVELS/abr_sampler_top/rtl/tessera_abr_sampler_pkg.sv
file	src/MLDSA_MLKEM_ALL_LEVELS/abr_sampler_top/rtl/abr_sampler_top.sv	src/MLDSA_MLKEM_ALL_LEVELS/abr_sampler_top/rtl/tessera_abr_sampler_top.sv
file	src/MLDSA_MLKEM_ALL_LEVELS/abr_sha3/rtl/abr_keccak_2share.sv	src/MLDSA_MLKEM_ALL_LEVELS/abr_sha3/rtl/tessera_abr_keccak_2share.sv
file	src/MLDSA_MLKEM_ALL_LEVELS/abr_sha3/rtl/abr_keccak_round.sv	src/MLDSA_MLKEM_ALL_LEVELS/abr_sha3/rtl/tessera_abr_keccak_round.sv
file	src/MLDSA_MLKEM_ALL_LEVELS/abr_sha3/rtl/abr_sha3.sv	src/MLDSA_MLKEM_ALL_LEVELS/abr_sha3/rtl/tessera_abr_sha3.sv
file	src/MLDSA_MLKEM_ALL_LEVELS/abr_sha3/rtl/abr_sha3_pkg.sv	src/MLDSA_MLKEM_ALL_LEVELS/abr_sha3/rtl/tessera_abr_sha3_pkg.sv
file	src/MLDSA_MLKEM_ALL_LEVELS/abr_sha3/rtl/abr_sha3pad.sv	src/MLDSA_MLKEM_ALL_LEVELS/abr_sha3/rtl/tessera_abr_sha3pad.sv
file	src/MLDSA_MLKEM_ALL_LEVELS/abr_top/rtl/abr_config_defines.svh	src/MLDSA_MLKEM_ALL_LEVELS/abr_top/rtl/tessera_abr_config_defines.svh
file	src/MLDSA_MLKEM_ALL_LEVELS/abr_top/rtl/abr_ctrl.sv	src/MLDSA_MLKEM_ALL_LEVELS/abr_top/rtl/tessera_abr_ctrl.sv
file	src/MLDSA_MLKEM_ALL_LEVELS/abr_top/rtl/abr_ctrl_pkg.sv	src/MLDSA_MLKEM_ALL_LEVELS/abr_top/rtl/tessera_abr_ctrl_pkg.sv
file	src/MLDSA_MLKEM_ALL_LEVELS/abr_top/rtl/abr_mem_if.sv	src/MLDSA_MLKEM_ALL_LEVELS/abr_top/rtl/tessera_abr_mem_if.sv
file	src/MLDSA_MLKEM_ALL_LEVELS/abr_top/rtl/abr_mem_top.sv	src/MLDSA_MLKEM_ALL_LEVELS/abr_top/rtl/tessera_abr_mem_top.sv
file	src/MLDSA_MLKEM_ALL_LEVELS/abr_top/rtl/abr_params_pkg.sv	src/MLDSA_MLKEM_ALL_LEVELS/abr_top/rtl/tessera_abr_params_pkg.sv
file	src/MLDSA_MLKEM_ALL_LEVELS/abr_top/rtl/abr_reg.sv	src/MLDSA_MLKEM_ALL_LEVELS/abr_top/rtl/tessera_abr_reg.sv
file	src/MLDSA_MLKEM_ALL_LEVELS/abr_top/rtl/abr_reg_pkg.sv	src/MLDSA_MLKEM_ALL_LEVELS/abr_top/rtl/tessera_abr_reg_pkg.sv
file	src/MLDSA_MLKEM_ALL_LEVELS/abr_top/rtl/abr_seq.sv	src/MLDSA_MLKEM_ALL_LEVELS/abr_top/rtl/tessera_abr_seq.sv
file	src/MLDSA_MLKEM_ALL_LEVELS/abr_top/rtl/abr_top.sv	src/MLDSA_MLKEM_ALL_LEVELS/abr_top/rtl/tessera_abr_top.sv
file	src/MLDSA_MLKEM_ALL_LEVELS/barrett_reduction/rtl/barrett_reduction.sv	src/MLDSA_MLKEM_ALL_LEVELS/barrett_reduction/rtl/tessera_barrett_reduction.sv
file	src/MLDSA_MLKEM_ALL_LEVELS/cbd_sampler/rtl/cbd_sampler.sv	src/MLDSA_MLKEM_ALL_LEVELS/cbd_sampler/rtl/tessera_cbd_sampler.sv
file	src/MLDSA_MLKEM_ALL_LEVELS/cbd_sampler/rtl/cbd_sampler_ctrl.sv	src/MLDSA_MLKEM_ALL_LEVELS/cbd_sampler/rtl/tessera_cbd_sampler_ctrl.sv
file	src/MLDSA_MLKEM_ALL_LEVELS/compress/rtl/compress.sv	src/MLDSA_MLKEM_ALL_LEVELS/compress/rtl/tessera_compress.sv
file	src/MLDSA_MLKEM_ALL_LEVELS/compress/rtl/compress_ctrl.sv	src/MLDSA_MLKEM_ALL_LEVELS/compress/rtl/tessera_compress_ctrl.sv
file	src/MLDSA_MLKEM_ALL_LEVELS/compress/rtl/compress_defines_pkg.sv	src/MLDSA_MLKEM_ALL_LEVELS/compress/rtl/tessera_compress_defines_pkg.sv
file	src/MLDSA_MLKEM_ALL_LEVELS/compress/rtl/compress_top.sv	src/MLDSA_MLKEM_ALL_LEVELS/compress/rtl/tessera_compress_top.sv
file	src/MLDSA_MLKEM_ALL_LEVELS/decompose/rtl/decompose.sv	src/MLDSA_MLKEM_ALL_LEVELS/decompose/rtl/tessera_decompose.sv
file	src/MLDSA_MLKEM_ALL_LEVELS/decompose/rtl/decompose_ctrl.sv	src/MLDSA_MLKEM_ALL_LEVELS/decompose/rtl/tessera_decompose_ctrl.sv
file	src/MLDSA_MLKEM_ALL_LEVELS/decompose/rtl/decompose_defines_pkg.sv	src/MLDSA_MLKEM_ALL_LEVELS/decompose/rtl/tessera_decompose_defines_pkg.sv
file	src/MLDSA_MLKEM_ALL_LEVELS/decompose/rtl/decompose_mod_2gamma2.sv	src/MLDSA_MLKEM_ALL_LEVELS/decompose/rtl/tessera_decompose_mod_2gamma2.sv
file	src/MLDSA_MLKEM_ALL_LEVELS/decompose/rtl/decompose_r1_lut.sv	src/MLDSA_MLKEM_ALL_LEVELS/decompose/rtl/tessera_decompose_r1_lut.sv
file	src/MLDSA_MLKEM_ALL_LEVELS/decompose/rtl/decompose_usehint.sv	src/MLDSA_MLKEM_ALL_LEVELS/decompose/rtl/tessera_decompose_usehint.sv
file	src/MLDSA_MLKEM_ALL_LEVELS/decompose/rtl/decompose_w1_encode.sv	src/MLDSA_MLKEM_ALL_LEVELS/decompose/rtl/tessera_decompose_w1_encode.sv
file	src/MLDSA_MLKEM_ALL_LEVELS/decompose/rtl/decompose_w1_mem.sv	src/MLDSA_MLKEM_ALL_LEVELS/decompose/rtl/tessera_decompose_w1_mem.sv
file	src/MLDSA_MLKEM_ALL_LEVELS/decompress/rtl/decompress.sv	src/MLDSA_MLKEM_ALL_LEVELS/decompress/rtl/tessera_decompress.sv
file	src/MLDSA_MLKEM_ALL_LEVELS/decompress/rtl/decompress_ctrl.sv	src/MLDSA_MLKEM_ALL_LEVELS/decompress/rtl/tessera_decompress_ctrl.sv
file	src/MLDSA_MLKEM_ALL_LEVELS/decompress/rtl/decompress_defines_pkg.sv	src/MLDSA_MLKEM_ALL_LEVELS/decompress/rtl/tessera_decompress_defines_pkg.sv
file	src/MLDSA_MLKEM_ALL_LEVELS/decompress/rtl/decompress_top.sv	src/MLDSA_MLKEM_ALL_LEVELS/decompress/rtl/tessera_decompress_top.sv
file	src/MLDSA_MLKEM_ALL_LEVELS/exp_mask/rtl/exp_mask.sv	src/MLDSA_MLKEM_ALL_LEVELS/exp_mask/rtl/tessera_exp_mask.sv
file	src/MLDSA_MLKEM_ALL_LEVELS/exp_mask/rtl/exp_mask_ctrl.sv	src/MLDSA_MLKEM_ALL_LEVELS/exp_mask/rtl/tessera_exp_mask_ctrl.sv
file	src/MLDSA_MLKEM_ALL_LEVELS/makehint/rtl/hintgen.sv	src/MLDSA_MLKEM_ALL_LEVELS/makehint/rtl/tessera_hintgen.sv
file	src/MLDSA_MLKEM_ALL_LEVELS/makehint/rtl/makehint.sv	src/MLDSA_MLKEM_ALL_LEVELS/makehint/rtl/tessera_makehint.sv
file	src/MLDSA_MLKEM_ALL_LEVELS/makehint/rtl/makehint_defines_pkg.sv	src/MLDSA_MLKEM_ALL_LEVELS/makehint/rtl/tessera_makehint_defines_pkg.sv
file	src/MLDSA_MLKEM_ALL_LEVELS/norm_check/rtl/norm_check.sv	src/MLDSA_MLKEM_ALL_LEVELS/norm_check/rtl/tessera_norm_check.sv
file	src/MLDSA_MLKEM_ALL_LEVELS/norm_check/rtl/norm_check_ctrl.sv	src/MLDSA_MLKEM_ALL_LEVELS/norm_check/rtl/tessera_norm_check_ctrl.sv
file	src/MLDSA_MLKEM_ALL_LEVELS/norm_check/rtl/norm_check_defines_pkg.sv	src/MLDSA_MLKEM_ALL_LEVELS/norm_check/rtl/tessera_norm_check_defines_pkg.sv
file	src/MLDSA_MLKEM_ALL_LEVELS/norm_check/rtl/norm_check_top.sv	src/MLDSA_MLKEM_ALL_LEVELS/norm_check/rtl/tessera_norm_check_top.sv
file	src/MLDSA_MLKEM_ALL_LEVELS/ntt_top/rtl/ntt_buffer.sv	src/MLDSA_MLKEM_ALL_LEVELS/ntt_top/rtl/tessera_ntt_buffer.sv
file	src/MLDSA_MLKEM_ALL_LEVELS/ntt_top/rtl/ntt_butterfly.sv	src/MLDSA_MLKEM_ALL_LEVELS/ntt_top/rtl/tessera_ntt_butterfly.sv
file	src/MLDSA_MLKEM_ALL_LEVELS/ntt_top/rtl/ntt_ctrl.sv	src/MLDSA_MLKEM_ALL_LEVELS/ntt_top/rtl/tessera_ntt_ctrl.sv
file	src/MLDSA_MLKEM_ALL_LEVELS/ntt_top/rtl/ntt_defines_pkg.sv	src/MLDSA_MLKEM_ALL_LEVELS/ntt_top/rtl/tessera_ntt_defines_pkg.sv
file	src/MLDSA_MLKEM_ALL_LEVELS/ntt_top/rtl/ntt_div2.sv	src/MLDSA_MLKEM_ALL_LEVELS/ntt_top/rtl/tessera_ntt_div2.sv
file	src/MLDSA_MLKEM_ALL_LEVELS/ntt_top/rtl/ntt_hybrid_butterfly_2x2.sv	src/MLDSA_MLKEM_ALL_LEVELS/ntt_top/rtl/tessera_ntt_hybrid_butterfly_2x2.sv
file	src/MLDSA_MLKEM_ALL_LEVELS/ntt_top/rtl/ntt_karatsuba_pairwm.sv	src/MLDSA_MLKEM_ALL_LEVELS/ntt_top/rtl/tessera_ntt_karatsuba_pairwm.sv
file	src/MLDSA_MLKEM_ALL_LEVELS/ntt_top/rtl/ntt_mult_dsp.sv	src/MLDSA_MLKEM_ALL_LEVELS/ntt_top/rtl/tessera_ntt_mult_dsp.sv
file	src/MLDSA_MLKEM_ALL_LEVELS/ntt_top/rtl/ntt_shuffle_buffer.sv	src/MLDSA_MLKEM_ALL_LEVELS/ntt_top/rtl/tessera_ntt_shuffle_buffer.sv
file	src/MLDSA_MLKEM_ALL_LEVELS/ntt_top/rtl/ntt_top.sv	src/MLDSA_MLKEM_ALL_LEVELS/ntt_top/rtl/tessera_ntt_top.sv
file	src/MLDSA_MLKEM_ALL_LEVELS/ntt_top/rtl/ntt_twiddle_lookup.sv	src/MLDSA_MLKEM_ALL_LEVELS/ntt_top/rtl/tessera_ntt_twiddle_lookup.sv
file	src/MLDSA_MLKEM_ALL_LEVELS/pk_decode/rtl/pkdecode.sv	src/MLDSA_MLKEM_ALL_LEVELS/pk_decode/rtl/tessera_pkdecode.sv
file	src/MLDSA_MLKEM_ALL_LEVELS/power2round/rtl/power2round_core.sv	src/MLDSA_MLKEM_ALL_LEVELS/power2round/rtl/tessera_power2round_core.sv
file	src/MLDSA_MLKEM_ALL_LEVELS/power2round/rtl/power2round_ctrl.sv	src/MLDSA_MLKEM_ALL_LEVELS/power2round/rtl/tessera_power2round_ctrl.sv
file	src/MLDSA_MLKEM_ALL_LEVELS/power2round/rtl/power2round_defines_pkg.sv	src/MLDSA_MLKEM_ALL_LEVELS/power2round/rtl/tessera_power2round_defines_pkg.sv
file	src/MLDSA_MLKEM_ALL_LEVELS/power2round/rtl/power2round_skencode.sv	src/MLDSA_MLKEM_ALL_LEVELS/power2round/rtl/tessera_power2round_skencode.sv
file	src/MLDSA_MLKEM_ALL_LEVELS/power2round/rtl/power2round_top.sv	src/MLDSA_MLKEM_ALL_LEVELS/power2round/rtl/tessera_power2round_top.sv
file	src/MLDSA_MLKEM_ALL_LEVELS/rej_bounded/rtl/rej_bounded2.sv	src/MLDSA_MLKEM_ALL_LEVELS/rej_bounded/rtl/tessera_rej_bounded2.sv
file	src/MLDSA_MLKEM_ALL_LEVELS/rej_bounded/rtl/rej_bounded_ctrl.sv	src/MLDSA_MLKEM_ALL_LEVELS/rej_bounded/rtl/tessera_rej_bounded_ctrl.sv
file	src/MLDSA_MLKEM_ALL_LEVELS/rej_sampler/rtl/rej_sampler.sv	src/MLDSA_MLKEM_ALL_LEVELS/rej_sampler/rtl/tessera_rej_sampler.sv
file	src/MLDSA_MLKEM_ALL_LEVELS/rej_sampler/rtl/rej_sampler_ctrl.sv	src/MLDSA_MLKEM_ALL_LEVELS/rej_sampler/rtl/tessera_rej_sampler_ctrl.sv
file	src/MLDSA_MLKEM_ALL_LEVELS/sample_in_ball/rtl/sample_in_ball.sv	src/MLDSA_MLKEM_ALL_LEVELS/sample_in_ball/rtl/tessera_sample_in_ball.sv
file	src/MLDSA_MLKEM_ALL_LEVELS/sample_in_ball/rtl/sample_in_ball_ctrl.sv	src/MLDSA_MLKEM_ALL_LEVELS/sample_in_ball/rtl/tessera_sample_in_ball_ctrl.sv
file	src/MLDSA_MLKEM_ALL_LEVELS/sample_in_ball/rtl/sample_in_ball_pkg.sv	src/MLDSA_MLKEM_ALL_LEVELS/sample_in_ball/rtl/tessera_sample_in_ball_pkg.sv
file	src/MLDSA_MLKEM_ALL_LEVELS/sample_in_ball/rtl/sample_in_ball_shuffler.sv	src/MLDSA_MLKEM_ALL_LEVELS/sample_in_ball/rtl/tessera_sample_in_ball_shuffler.sv
file	src/MLDSA_MLKEM_ALL_LEVELS/sample_in_ball/rtl/sib_mem.sv	src/MLDSA_MLKEM_ALL_LEVELS/sample_in_ball/rtl/tessera_sib_mem.sv
file	src/MLDSA_MLKEM_ALL_LEVELS/sigdecode_h/rtl/sigdecode_h.sv	src/MLDSA_MLKEM_ALL_LEVELS/sigdecode_h/rtl/tessera_sigdecode_h.sv
file	src/MLDSA_MLKEM_ALL_LEVELS/sigdecode_h/rtl/sigdecode_h_ctrl.sv	src/MLDSA_MLKEM_ALL_LEVELS/sigdecode_h/rtl/tessera_sigdecode_h_ctrl.sv
file	src/MLDSA_MLKEM_ALL_LEVELS/sigdecode_h/rtl/sigdecode_h_defines_pkg.sv	src/MLDSA_MLKEM_ALL_LEVELS/sigdecode_h/rtl/tessera_sigdecode_h_defines_pkg.sv
file	src/MLDSA_MLKEM_ALL_LEVELS/sig_decode_z/rtl/sigdecode_z_defines_pkg.sv	src/MLDSA_MLKEM_ALL_LEVELS/sig_decode_z/rtl/tessera_sigdecode_z_defines_pkg.sv
file	src/MLDSA_MLKEM_ALL_LEVELS/sig_decode_z/rtl/sigdecode_z_top.sv	src/MLDSA_MLKEM_ALL_LEVELS/sig_decode_z/rtl/tessera_sigdecode_z_top.sv
file	src/MLDSA_MLKEM_ALL_LEVELS/sig_decode_z/rtl/sigdecode_z_unit.sv	src/MLDSA_MLKEM_ALL_LEVELS/sig_decode_z/rtl/tessera_sigdecode_z_unit.sv
file	src/MLDSA_MLKEM_ALL_LEVELS/sig_encode_z/rtl/sigencode_z_defines_pkg.sv	src/MLDSA_MLKEM_ALL_LEVELS/sig_encode_z/rtl/tessera_sigencode_z_defines_pkg.sv
file	src/MLDSA_MLKEM_ALL_LEVELS/sig_encode_z/rtl/sigencode_z_top.sv	src/MLDSA_MLKEM_ALL_LEVELS/sig_encode_z/rtl/tessera_sigencode_z_top.sv
file	src/MLDSA_MLKEM_ALL_LEVELS/sig_encode_z/rtl/sigencode_z_unit.sv	src/MLDSA_MLKEM_ALL_LEVELS/sig_encode_z/rtl/tessera_sigencode_z_unit.sv
file	src/MLDSA_MLKEM_ALL_LEVELS/sk_decode/rtl/skdecode_ctrl.sv	src/MLDSA_MLKEM_ALL_LEVELS/sk_decode/rtl/tessera_skdecode_ctrl.sv
file	src/MLDSA_MLKEM_ALL_LEVELS/sk_decode/rtl/skdecode_defines_pkg.sv	src/MLDSA_MLKEM_ALL_LEVELS/sk_decode/rtl/tessera_skdecode_defines_pkg.sv
file	src/MLDSA_MLKEM_ALL_LEVELS/sk_decode/rtl/skdecode_s1s2_unpack.sv	src/MLDSA_MLKEM_ALL_LEVELS/sk_decode/rtl/tessera_skdecode_s1s2_unpack.sv
file	src/MLDSA_MLKEM_ALL_LEVELS/sk_decode/rtl/skdecode_t0_unpack.sv	src/MLDSA_MLKEM_ALL_LEVELS/sk_decode/rtl/tessera_skdecode_t0_unpack.sv
file	src/MLDSA_MLKEM_ALL_LEVELS/sk_decode/rtl/skdecode_top.sv	src/MLDSA_MLKEM_ALL_LEVELS/sk_decode/rtl/tessera_skdecode_top.sv
file	src/MLDSA_MLKEM_ALL_LEVELS/sk_encode/rtl/skencode.sv	src/MLDSA_MLKEM_ALL_LEVELS/sk_encode/rtl/tessera_skencode.sv
