# ARCA identifier rename map for block 'ecc' (prefix: arca_)
macro	CALIPTRA_ECC_DEFINES	ARCA_CALIPTRA_ECC_DEFINES
macro	CALIPTRA_ECC_PARAMS_PKG	ARCA_CALIPTRA_ECC_PARAMS_PKG
macro	CALIPTRA_ECC_PM_UOP_PKG	ARCA_CALIPTRA_ECC_PM_UOP_PKG
macro	ECC_DSA_UOP_PKG	ARCA_ECC_DSA_UOP_PKG
module	ecc_add_sub_mod_alter	arca_ecc_add_sub_mod_alter
module	ecc_adder	arca_ecc_adder
module	ecc_arith_unit	arca_ecc_arith_unit
module	ecc_dsa_ctrl	arca_ecc_dsa_ctrl
module	ecc_dsa_sequencer	arca_ecc_dsa_sequencer
module	ecc_fau	arca_ecc_fau
module	ecc_hmac_drbg_interface	arca_ecc_hmac_drbg_interface
module	ecc_montgomerymultiplier	arca_ecc_montgomerymultiplier
module	ecc_mult_dsp	arca_ecc_mult_dsp
module	ecc_pe	arca_ecc_pe
module	ecc_pe_final	arca_ecc_pe_final
module	ecc_pe_first	arca_ecc_pe_first
module	ecc_pm_ctrl	arca_ecc_pm_ctrl
module	ecc_pm_sequencer	arca_ecc_pm_sequencer
module	ecc_ram_tdp_file	arca_ecc_ram_tdp_file
module	ecc_reg	arca_ecc_reg
module	ecc_scalar_blinding	arca_ecc_scalar_blinding
module	ecc_top	arca_ecc_top
module	hmac_drbg	arca_hmac_drbg
package	ecc_defines_pkg	arca_ecc_defines_pkg
package	ecc_dsa_uop_pkg	arca_ecc_dsa_uop_pkg
package	ecc_params_pkg	arca_ecc_params_pkg
package	ecc_pm_uop_pkg	arca_ecc_pm_uop_pkg
package	ecc_reg_pkg	arca_ecc_reg_pkg
package	hmac_param_pkg	arca_hmac512_param_pkg
file	src/ecc/rtl/ecc_add_sub_mod_alter.sv	src/ecc/rtl/arca_ecc_add_sub_mod_alter.sv
file	src/ecc/rtl/ecc_adder.sv	src/ecc/rtl/arca_ecc_adder.sv
file	src/ecc/rtl/ecc_arith_unit.sv	src/ecc/rtl/arca_ecc_arith_unit.sv
file	src/ecc/rtl/ecc_defines_pkg.sv	src/ecc/rtl/arca_ecc_defines_pkg.sv
file	src/ecc/rtl/ecc_dsa_ctrl.sv	src/ecc/rtl/arca_ecc_dsa_ctrl.sv
file	src/ecc/rtl/ecc_dsa_sequencer.sv	src/ecc/rtl/arca_ecc_dsa_sequencer.sv
file	src/ecc/rtl/ecc_dsa_uop_pkg.sv	src/ecc/rtl/arca_ecc_dsa_uop_pkg.sv
file	src/ecc/rtl/ecc_fau.sv	src/ecc/rtl/arca_ecc_fau.sv
file	src/ecc/rtl/ecc_hmac_drbg_interface.sv	src/ecc/rtl/arca_ecc_hmac_drbg_interface.sv
file	src/ecc/rtl/ecc_montgomerymultiplier.sv	src/ecc/rtl/arca_ecc_montgomerymultiplier.sv
file	src/ecc/rtl/ecc_mult_dsp.sv	src/ecc/rtl/arca_ecc_mult_dsp.sv
file	src/ecc/rtl/ecc_params_pkg.sv	src/ecc/rtl/arca_ecc_params_pkg.sv
file	src/ecc/rtl/ecc_pe.sv	src/ecc/rtl/arca_ecc_pe.sv
file	src/ecc/rtl/ecc_pe_final.sv	src/ecc/rtl/arca_ecc_pe_final.sv
file	src/ecc/rtl/ecc_pe_first.sv	src/ecc/rtl/arca_ecc_pe_first.sv
file	src/ecc/rtl/ecc_pm_ctrl.sv	src/ecc/rtl/arca_ecc_pm_ctrl.sv
file	src/ecc/rtl/ecc_pm_sequencer.sv	src/ecc/rtl/arca_ecc_pm_sequencer.sv
file	src/ecc/rtl/ecc_pm_uop_pkg.sv	src/ecc/rtl/arca_ecc_pm_uop_pkg.sv
file	src/ecc/rtl/ecc_ram_tdp_file.sv	src/ecc/rtl/arca_ecc_ram_tdp_file.sv
file	src/ecc/rtl/ecc_reg.sv	src/ecc/rtl/arca_ecc_reg.sv
file	src/ecc/rtl/ecc_reg_pkg.sv	src/ecc/rtl/arca_ecc_reg_pkg.sv
file	src/ecc/rtl/ecc_scalar_blinding.sv	src/ecc/rtl/arca_ecc_scalar_blinding.sv
file	src/ecc/rtl/ecc_top.sv	src/ecc/rtl/arca_ecc_top.sv
